Archive member included to satisfy reference by file (symbol)

C:/appz/ST/STM32CubeIDE_1.10.1/STM32CubeIDE/plugins/com.st.stm32cube.ide.mcu.externaltools.gnu-tools-for-stm32.11.3.rel1.win32_1.1.0.202305231506/tools/bin/../lib/gcc/arm-none-eabi/11.3.1/../../../../arm-none-eabi/lib/thumb/v7e-m+fp/hard\libc_nano.a(libc_a-exit.o)
                              C:/appz/ST/STM32CubeIDE_1.10.1/STM32CubeIDE/plugins/com.st.stm32cube.ide.mcu.externaltools.gnu-tools-for-stm32.11.3.rel1.win32_1.1.0.202305231506/tools/bin/../lib/gcc/arm-none-eabi/11.3.1/../../../../arm-none-eabi/lib/thumb/v7e-m+fp/hard/crt0.o (exit)
C:/appz/ST/STM32CubeIDE_1.10.1/STM32CubeIDE/plugins/com.st.stm32cube.ide.mcu.externaltools.gnu-tools-for-stm32.11.3.rel1.win32_1.1.0.202305231506/tools/bin/../lib/gcc/arm-none-eabi/11.3.1/../../../../arm-none-eabi/lib/thumb/v7e-m+fp/hard\libc_nano.a(libc_a-findfp.o)
                              C:/appz/ST/STM32CubeIDE_1.10.1/STM32CubeIDE/plugins/com.st.stm32cube.ide.mcu.externaltools.gnu-tools-for-stm32.11.3.rel1.win32_1.1.0.202305231506/tools/bin/../lib/gcc/arm-none-eabi/11.3.1/../../../../arm-none-eabi/lib/thumb/v7e-m+fp/hard\libc_nano.a(libc_a-exit.o) (__stdio_exit_handler)
C:/appz/ST/STM32CubeIDE_1.10.1/STM32CubeIDE/plugins/com.st.stm32cube.ide.mcu.externaltools.gnu-tools-for-stm32.11.3.rel1.win32_1.1.0.202305231506/tools/bin/../lib/gcc/arm-none-eabi/11.3.1/../../../../arm-none-eabi/lib/thumb/v7e-m+fp/hard\libc_nano.a(libc_a-fwalk.o)
                              C:/appz/ST/STM32CubeIDE_1.10.1/STM32CubeIDE/plugins/com.st.stm32cube.ide.mcu.externaltools.gnu-tools-for-stm32.11.3.rel1.win32_1.1.0.202305231506/tools/bin/../lib/gcc/arm-none-eabi/11.3.1/../../../../arm-none-eabi/lib/thumb/v7e-m+fp/hard\libc_nano.a(libc_a-findfp.o) (_fwalk_sglue)
C:/appz/ST/STM32CubeIDE_1.10.1/STM32CubeIDE/plugins/com.st.stm32cube.ide.mcu.externaltools.gnu-tools-for-stm32.11.3.rel1.win32_1.1.0.202305231506/tools/bin/../lib/gcc/arm-none-eabi/11.3.1/../../../../arm-none-eabi/lib/thumb/v7e-m+fp/hard\libc_nano.a(libc_a-stdio.o)
                              C:/appz/ST/STM32CubeIDE_1.10.1/STM32CubeIDE/plugins/com.st.stm32cube.ide.mcu.externaltools.gnu-tools-for-stm32.11.3.rel1.win32_1.1.0.202305231506/tools/bin/../lib/gcc/arm-none-eabi/11.3.1/../../../../arm-none-eabi/lib/thumb/v7e-m+fp/hard\libc_nano.a(libc_a-findfp.o) (__sread)
C:/appz/ST/STM32CubeIDE_1.10.1/STM32CubeIDE/plugins/com.st.stm32cube.ide.mcu.externaltools.gnu-tools-for-stm32.11.3.rel1.win32_1.1.0.202305231506/tools/bin/../lib/gcc/arm-none-eabi/11.3.1/../../../../arm-none-eabi/lib/thumb/v7e-m+fp/hard\libc_nano.a(libc_a-memset.o)
                              C:/appz/ST/STM32CubeIDE_1.10.1/STM32CubeIDE/plugins/com.st.stm32cube.ide.mcu.externaltools.gnu-tools-for-stm32.11.3.rel1.win32_1.1.0.202305231506/tools/bin/../lib/gcc/arm-none-eabi/11.3.1/../../../../arm-none-eabi/lib/thumb/v7e-m+fp/hard/crt0.o (memset)
C:/appz/ST/STM32CubeIDE_1.10.1/STM32CubeIDE/plugins/com.st.stm32cube.ide.mcu.externaltools.gnu-tools-for-stm32.11.3.rel1.win32_1.1.0.202305231506/tools/bin/../lib/gcc/arm-none-eabi/11.3.1/../../../../arm-none-eabi/lib/thumb/v7e-m+fp/hard\libc_nano.a(libc_a-closer.o)
                              C:/appz/ST/STM32CubeIDE_1.10.1/STM32CubeIDE/plugins/com.st.stm32cube.ide.mcu.externaltools.gnu-tools-for-stm32.11.3.rel1.win32_1.1.0.202305231506/tools/bin/../lib/gcc/arm-none-eabi/11.3.1/../../../../arm-none-eabi/lib/thumb/v7e-m+fp/hard\libc_nano.a(libc_a-stdio.o) (_close_r)
C:/appz/ST/STM32CubeIDE_1.10.1/STM32CubeIDE/plugins/com.st.stm32cube.ide.mcu.externaltools.gnu-tools-for-stm32.11.3.rel1.win32_1.1.0.202305231506/tools/bin/../lib/gcc/arm-none-eabi/11.3.1/../../../../arm-none-eabi/lib/thumb/v7e-m+fp/hard\libc_nano.a(libc_a-reent.o)
                              C:/appz/ST/STM32CubeIDE_1.10.1/STM32CubeIDE/plugins/com.st.stm32cube.ide.mcu.externaltools.gnu-tools-for-stm32.11.3.rel1.win32_1.1.0.202305231506/tools/bin/../lib/gcc/arm-none-eabi/11.3.1/../../../../arm-none-eabi/lib/thumb/v7e-m+fp/hard\libc_nano.a(libc_a-closer.o) (errno)
C:/appz/ST/STM32CubeIDE_1.10.1/STM32CubeIDE/plugins/com.st.stm32cube.ide.mcu.externaltools.gnu-tools-for-stm32.11.3.rel1.win32_1.1.0.202305231506/tools/bin/../lib/gcc/arm-none-eabi/11.3.1/../../../../arm-none-eabi/lib/thumb/v7e-m+fp/hard\libc_nano.a(libc_a-impure.o)
                              C:/appz/ST/STM32CubeIDE_1.10.1/STM32CubeIDE/plugins/com.st.stm32cube.ide.mcu.externaltools.gnu-tools-for-stm32.11.3.rel1.win32_1.1.0.202305231506/tools/bin/../lib/gcc/arm-none-eabi/11.3.1/../../../../arm-none-eabi/lib/thumb/v7e-m+fp/hard\libc_nano.a(libc_a-reent.o) (_impure_ptr)
C:/appz/ST/STM32CubeIDE_1.10.1/STM32CubeIDE/plugins/com.st.stm32cube.ide.mcu.externaltools.gnu-tools-for-stm32.11.3.rel1.win32_1.1.0.202305231506/tools/bin/../lib/gcc/arm-none-eabi/11.3.1/../../../../arm-none-eabi/lib/thumb/v7e-m+fp/hard\libc_nano.a(libc_a-lseekr.o)
[...]
Memory Configuration

Name             Origin             Length             Attributes
CCMRAM           0x0000000010000000 0x0000000000010000 xrw
RAM              0x0000000020000000 0x0000000000030000 xrw
FLASH            0x0000000008000000 0x0000000000200000 xr
*default*        0x0000000000000000 0xffffffffffffffff

Linker script and memory map

LOAD C:/appz/ST/STM32CubeIDE_1.10.1/STM32CubeIDE/plugins/com.st.stm32cube.ide.mcu.externaltools.gnu-tools-for-stm32.11.3.rel1.win32_1.1.0.202305231506/tools/bin/../lib/gcc/arm-none-eabi/11.3.1/thumb/v7e-m+fp/hard/crti.o
LOAD C:/appz/ST/STM32CubeIDE_1.10.1/STM32CubeIDE/plugins/com.st.stm32cube.ide.mcu.externaltools.gnu-tools-for-stm32.11.3.rel1.win32_1.1.0.202305231506/tools/bin/../lib/gcc/arm-none-eabi/11.3.1/thumb/v7e-m+fp/hard/crtbegin.o
LOAD C:/appz/ST/STM32CubeIDE_1.10.1/STM32CubeIDE/plugins/com.st.stm32cube.ide.mcu.externaltools.gnu-tools-for-stm32.11.3.rel1.win32_1.1.0.202305231506/tools/bin/../lib/gcc/arm-none-eabi/11.3.1/../../../../arm-none-eabi/lib/thumb/v7e-m+fp/hard/crt0.o
LOAD ./Core/Src/main.o
LOAD ./Core/Src/stm32f4xx_hal_msp.o
LOAD ./Core/Src/stm32f4xx_it.o
LOAD ./Core/Src/syscalls.o
LOAD ./Core/Src/sysmem.o
LOAD ./Core/Src/system_stm32f4xx.o
LOAD ./Core/Startup/startup_stm32f429zitx.o
LOAD ./Drivers/STM32F4xx_HAL_Driver/Src/stm32f4xx_hal.o
LOAD ./Drivers/STM32F4xx_HAL_Driver/Src/stm32f4xx_hal_cortex.o
LOAD ./Drivers/STM32F4xx_HAL_Driver/Src/stm32f4xx_hal_dma.o
LOAD ./Drivers/STM32F4xx_HAL_Driver/Src/stm32f4xx_hal_dma_ex.o
LOAD ./Drivers/STM32F4xx_HAL_Driver/Src/stm32f4xx_hal_exti.o
LOAD ./Drivers/STM32F4xx_HAL_Driver/Src/stm32f4xx_hal_flash.o
LOAD ./Drivers/STM32F4xx_HAL_Driver/Src/stm32f4xx_hal_flash_ex.o
LOAD ./Drivers/STM32F4xx_HAL_Driver/Src/stm32f4xx_hal_flash_ramfunc.o
LOAD ./Drivers/STM32F4xx_HAL_Driver/Src/stm32f4xx_hal_gpio.o
LOAD ./Drivers/STM32F4xx_HAL_Driver/Src/stm32f4xx_hal_pcd.o
LOAD ./Drivers/STM32F4xx_HAL_Driver/Src/stm32f4xx_hal_pcd_ex.o
LOAD ./Drivers/STM32F4xx_HAL_Driver/Src/stm32f4xx_hal_pwr.o
LOAD ./Drivers/STM32F4xx_HAL_Driver/Src/stm32f4xx_hal_pwr_ex.o
LOAD ./Drivers/STM32F4xx_HAL_Driver/Src/stm32f4xx_hal_rcc.o
LOAD ./Drivers/STM32F4xx_HAL_Driver/Src/stm32f4xx_hal_rcc_ex.o
LOAD ./Drivers/STM32F4xx_HAL_Driver/Src/stm32f4xx_hal_tim.o
LOAD ./Drivers/STM32F4xx_HAL_Driver/Src/stm32f4xx_hal_tim_ex.o
LOAD ./Drivers/STM32F4xx_HAL_Driver/Src/stm32f4xx_hal_uart.o
LOAD ./Drivers/STM32F4xx_HAL_Driver/Src/stm32f4xx_ll_usb.o
LOAD ./Middlewares/ST/STM32_USB_Device_Library/Class/HID/Src/usbd_hid.o
LOAD ./Middlewares/ST/STM32_USB_Device_Library/Core/Src/usbd_core.o
LOAD ./Middlewares/ST/STM32_USB_Device_Library/Core/Src/usbd_ctlreq.o
LOAD ./Middlewares/ST/STM32_USB_Device_Library/Core/Src/usbd_ioreq.o
LOAD ./USB_DEVICE/App/usb_device.o
LOAD ./USB_DEVICE/App/usbd_desc.o
LOAD ./USB_DEVICE/Target/usbd_conf.o
START GROUP
LOAD C:/appz/ST/STM32CubeIDE_1.10.1/STM32CubeIDE/plugins/com.st.stm32cube.ide.mcu.externaltools.gnu-tools-for-stm32.11.3.rel1.win32_1.1.0.202305231506/tools/bin/../lib/gcc/arm-none-eabi/11.3.1/../../../../arm-none-eabi/lib/thumb/v7e-m+fp/hard\libc_nano.a
LOAD C:/appz/ST/STM32CubeIDE_1.10.1/STM32CubeIDE/plugins/com.st.stm32cube.ide.mcu.externaltools.gnu-tools-for-stm32.11.3.rel1.win32_1.1.0.202305231506/tools/bin/../lib/gcc/arm-none-eabi/11.3.1/../../../../arm-none-eabi/lib/thumb/v7e-m+fp/hard\libm.a
END GROUP
START GROUP
LOAD C:/appz/ST/STM32CubeIDE_1.10.1/STM32CubeIDE/plugins/com.st.stm32cube.ide.mcu.externaltools.gnu-tools-for-stm32.11.3.rel1.win32_1.1.0.202305231506/tools/bin/../lib/gcc/arm-none-eabi/11.3.1/thumb/v7e-m+fp/hard\libgcc.a
LOAD C:/appz/ST/STM32CubeIDE_1.10.1/STM32CubeIDE/plugins/com.st.stm32cube.ide.mcu.externaltools.gnu-tools-for-stm32.11.3.rel1.win32_1.1.0.202305231506/tools/bin/../lib/gcc/arm-none-eabi/11.3.1/../../../../arm-none-eabi/lib/thumb/v7e-m+fp/hard\libc_nano.a
END GROUP
START GROUP
LOAD C:/appz/ST/STM32CubeIDE_1.10.1/STM32CubeIDE/plugins/com.st.stm32cube.ide.mcu.externaltools.gnu-tools-for-stm32.11.3.rel1.win32_1.1.0.202305231506/tools/bin/../lib/gcc/arm-none-eabi/11.3.1/thumb/v7e-m+fp/hard\libgcc.a
LOAD C:/appz/ST/STM32CubeIDE_1.10.1/STM32CubeIDE/plugins/com.st.stm32cube.ide.mcu.externaltools.gnu-tools-for-stm32.11.3.rel1.win32_1.1.0.202305231506/tools/bin/../lib/gcc/arm-none-eabi/11.3.1/../../../../arm-none-eabi/lib/thumb/v7e-m+fp/hard\libc_nano.a
LOAD C:/appz/ST/STM32CubeIDE_1.10.1/STM32CubeIDE/plugins/com.st.stm32cube.ide.mcu.externaltools.gnu-tools-for-stm32.11.3.rel1.win32_1.1.0.202305231506/tools/bin/../lib/gcc/arm-none-eabi/11.3.1/../../../../arm-none-eabi/lib/thumb/v7e-m+fp/hard\libnosys.a
END GROUP
START GROUP
LOAD C:/appz/ST/STM32CubeIDE_1.10.1/STM32CubeIDE/plugins/com.st.stm32cube.ide.mcu.externaltools.gnu-tools-for-stm32.11.3.rel1.win32_1.1.0.202305231506/tools/bin/../lib/gcc/arm-none-eabi/11.3.1/thumb/v7e-m+fp/hard\libgcc.a
LOAD C:/appz/ST/STM32CubeIDE_1.10.1/STM32CubeIDE/plugins/com.st.stm32cube.ide.mcu.externaltools.gnu-tools-for-stm32.11.3.rel1.win32_1.1.0.202305231506/tools/bin/../lib/gcc/arm-none-eabi/11.3.1/../../../../arm-none-eabi/lib/thumb/v7e-m+fp/hard\libc_nano.a
LOAD C:/appz/ST/STM32CubeIDE_1.10.1/STM32CubeIDE/plugins/com.st.stm32cube.ide.mcu.externaltools.gnu-tools-for-stm32.11.3.rel1.win32_1.1.0.202305231506/tools/bin/../lib/gcc/arm-none-eabi/11.3.1/../../../../arm-none-eabi/lib/thumb/v7e-m+fp/hard\libnosys.a
END GROUP
LOAD C:/appz/ST/STM32CubeIDE_1.10.1/STM32CubeIDE/plugins/com.st.stm32cube.ide.mcu.externaltools.gnu-tools-for-stm32.11.3.rel1.win32_1.1.0.202305231506/tools/bin/../lib/gcc/arm-none-eabi/11.3.1/thumb/v7e-m+fp/hard/crtend.o
LOAD C:/appz/ST/STM32CubeIDE_1.10.1/STM32CubeIDE/plugins/com.st.stm32cube.ide.mcu.externaltools.gnu-tools-for-stm32.11.3.rel1.win32_1.1.0.202305231506/tools/bin/../lib/gcc/arm-none-eabi/11.3.1/thumb/v7e-m+fp/hard/crtn.o
                0x0000000020030000                _estack = (ORIGIN (RAM) + LENGTH (RAM))
                0x0000000000000200                _Min_Heap_Size = 0x200
                0x0000000000000400                _Min_Stack_Size = 0x400

.isr_vector     0x0000000008000000      0x1ac
                0x0000000008000000                . = ALIGN (0x4)
 *(.isr_vector)
 .isr_vector    0x0000000008000000      0x1ac ./Core/Startup/startup_stm32f429zitx.o
                0x0000000008000000                g_pfnVectors
                0x00000000080001ac                . = ALIGN (0x4)

.text           0x00000000080001b0     0x8cd8
                0x00000000080001b0                . = ALIGN (0x4)
 *(.text)
 .text          0x00000000080001b0       0x40 C:/appz/ST/STM32CubeIDE_1.10.1/STM32CubeIDE/plugins/com.st.stm32cube.ide.mcu.externaltools.gnu-tools-for-stm32.11.3.rel1.win32_1.1.0.202305231506/tools/bin/../lib/gcc/arm-none-eabi/11.3.1/thumb/v7e-m+fp/hard/crtbegin.o
 .text          0x00000000080001f0      0x378 C:/appz/ST/STM32CubeIDE_1.10.1/STM32CubeIDE/plugins/com.st.stm32cube.ide.mcu.externaltools.gnu-tools-for-stm32.11.3.rel1.win32_1.1.0.202305231506/tools/bin/../lib/gcc/arm-none-eabi/11.3.1/thumb/v7e-m+fp/hard\libgcc.a(_arm_addsubdf3.o)
                0x00000000080001f0                __aeabi_drsub
                0x00000000080001f8                __aeabi_dsub
                0x00000000080001f8                __subdf3
                0x00000000080001fc                __aeabi_dadd
                0x00000000080001fc                __adddf3
                0x0000000008000474                __floatunsidf
                0x0000000008000474                __aeabi_ui2d
                0x0000000008000494                __floatsidf
                0x0000000008000494                __aeabi_i2d
                0x00000000080004b8                __aeabi_f2d
                0x00000000080004b8                __extendsfdf2
                0x00000000080004fc                __floatundidf
                0x00000000080004fc                __aeabi_ul2d
                0x000000000800050c                __floatdidf
                0x000000000800050c                __aeabi_l2d
 .text          0x0000000008000568      0x424 C:/appz/ST/STM32CubeIDE_1.10.1/STM32CubeIDE/plugins/com.st.stm32cube.ide.mcu.externaltools.gnu-tools-for-stm32.11.3.rel1.win32_1.1.0.202305231506/tools/bin/../lib/gcc/arm-none-eabi/11.3.1/thumb/v7e-m+fp/hard\libgcc.a(_arm_muldivdf3.o)
                0x0000000008000568                __aeabi_dmul
                0x0000000008000568                __muldf3
                0x00000000080007bc                __divdf3
                0x00000000080007bc                __aeabi_ddiv
 .text          0x000000000800098c      0x110 C:/appz/ST/STM32CubeIDE_1.10.1/STM32CubeIDE/plugins/com.st.stm32cube.ide.mcu.externaltools.gnu-tools-for-stm32.11.3.rel1.win32_1.1.0.202305231506/tools/bin/../lib/gcc/arm-none-eabi/11.3.1/thumb/v7e-m+fp/hard\libgcc.a(_arm_cmpdf2.o)
                0x000000000800098c                __gtdf2
                0x000000000800098c                __gedf2
                0x0000000008000994                __ltdf2
                0x0000000008000994                __ledf2
                0x000000000800099c                __nedf2
                0x000000000800099c                __eqdf2
                0x000000000800099c                __cmpdf2
                0x0000000008000a18                __aeabi_cdrcmple
                0x0000000008000a28                __aeabi_cdcmpeq
                0x0000000008000a28                __aeabi_cdcmple
                0x0000000008000a38                __aeabi_dcmpeq
                0x0000000008000a4c                __aeabi_dcmplt
                0x0000000008000a60                __aeabi_dcmple
                0x0000000008000a74                __aeabi_dcmpge
                0x0000000008000a88                __aeabi_dcmpgt
 .text          0x0000000008000a9c       0x50 C:/appz/ST/STM32CubeIDE_1.10.1/STM32CubeIDE/plugins/com.st.stm32cube.ide.mcu.externaltools.gnu-tools-for-stm32.11.3.rel1.win32_1.1.0.202305231506/tools/bin/../lib/gcc/arm-none-eabi/11.3.1/thumb/v7e-m+fp/hard\libgcc.a(_arm_fixdfsi.o)
                0x0000000008000a9c                __aeabi_d2iz
                0x0000000008000a9c                __fixdfsi
 .text          0x0000000008000aec       0xa0 C:/appz/ST/STM32CubeIDE_1.10.1/STM32CubeIDE/plugins/com.st.stm32cube.ide.mcu.externaltools.gnu-tools-for-stm32.11.3.rel1.win32_1.1.0.202305231506/tools/bin/../lib/gcc/arm-none-eabi/11.3.1/thumb/v7e-m+fp/hard\libgcc.a(_arm_truncdfsf2.o)
                0x0000000008000aec                __truncdfsf2
                0x0000000008000aec                __aeabi_d2f
 .text          0x0000000008000b8c       0x30 C:/appz/ST/STM32CubeIDE_1.10.1/STM32CubeIDE/plugins/com.st.stm32cube.ide.mcu.externaltools.gnu-tools-for-stm32.11.3.rel1.win32_1.1.0.202305231506/tools/bin/../lib/gcc/arm-none-eabi/11.3.1/thumb/v7e-m+fp/hard\libgcc.a(_aeabi_uldivmod.o)
                0x0000000008000b8c                __aeabi_uldivmod
 .text          0x0000000008000bbc      0x2c8 C:/appz/ST/STM32CubeIDE_1.10.1/STM32CubeIDE/plugins/com.st.stm32cube.ide.mcu.externaltools.gnu-tools-for-stm32.11.3.rel1.win32_1.1.0.202305231506/tools/bin/../lib/gcc/arm-none-eabi/11.3.1/thumb/v7e-m+fp/hard\libgcc.a(_udivmoddi4.o)
                0x0000000008000bbc                __udivmoddi4
 .text          0x0000000008000e84        0x4 C:/appz/ST/STM32CubeIDE_1.10.1/STM32CubeIDE/plugins/com.st.stm32cube.ide.mcu.externaltools.gnu-tools-for-stm32.11.3.rel1.win32_1.1.0.202305231506/tools/bin/../lib/gcc/arm-none-eabi/11.3.1/thumb/v7e-m+fp/hard\libgcc.a(_dvmd_tls.o)
                0x0000000008000e84                __aeabi_idiv0
                0x0000000008000e84                __aeabi_ldiv0
 *(.text*)
 .text.step     0x0000000008000e88       0x5c ./Core/Src/main.o
 *fill*         0x0000000008000ee4        0x4 
 .text.circle   0x0000000008000ee8      0x214 ./Core/Src/main.o
 .text.draw_smajlik
                0x00000000080010fc       0xa6 ./Core/Src/main.o
                0x00000000080010fc                draw_smajlik
 *fill*         0x00000000080011a2        0x2 
 .text.main     0x00000000080011a4       0x38 ./Core/Src/main.o
                0x00000000080011a4                main
 .text.SystemClock_Config
                0x00000000080011dc       0xd4 ./Core/Src/main.o
                0x00000000080011dc                SystemClock_Config
 .text.MX_USART3_UART_Init
                0x00000000080012b0       0x54 ./Core/Src/main.o
 .text.MX_GPIO_Init
                0x0000000008001304      0x1e4 ./Core/Src/main.o
 .text.Error_Handler
                0x00000000080014e8        0xa ./Core/Src/main.o
                0x00000000080014e8                Error_Handler
 *fill*         0x00000000080014f2        0x2 
 .text.HAL_MspInit
                0x00000000080014f4       0x50 ./Core/Src/stm32f4xx_hal_msp.o
                0x00000000080014f4                HAL_MspInit
 .text.HAL_UART_MspInit
                0x0000000008001544       0x90 ./Core/Src/stm32f4xx_hal_msp.o
                0x0000000008001544                HAL_UART_MspInit
 .text.NMI_Handler
                0x00000000080015d4        0x6 ./Core/Src/stm32f4xx_it.o
                0x00000000080015d4                NMI_Handler
 .text.HardFault_Handler
                0x00000000080015da        0x6 ./Core/Src/stm32f4xx_it.o
                0x00000000080015da                HardFault_Handler
 .text.MemManage_Handler
                0x00000000080015e0        0x6 ./Core/Src/stm32f4xx_it.o
                0x00000000080015e0                MemManage_Handler
 .text.BusFault_Handler
                0x00000000080015e6        0x6 ./Core/Src/stm32f4xx_it.o
                0x00000000080015e6                BusFault_Handler
 .text.UsageFault_Handler
                0x00000000080015ec        0x6 ./Core/Src/stm32f4xx_it.o
                0x00000000080015ec                UsageFault_Handler
 .text.SVC_Handler
                0x00000000080015f2        0xe ./Core/Src/stm32f4xx_it.o
                0x00000000080015f2                SVC_Handler
 .text.DebugMon_Handler
                0x0000000008001600        0xe ./Core/Src/stm32f4xx_it.o
                0x0000000008001600                DebugMon_Handler
 .text.PendSV_Handler
                0x000000000800160e        0xe ./Core/Src/stm32f4xx_it.o
                0x000000000800160e                PendSV_Handler
 .text.SysTick_Handler
                0x000000000800161c        0xc ./Core/Src/stm32f4xx_it.o
                0x000000000800161c                SysTick_Handler
 .text.OTG_FS_IRQHandler
                0x0000000008001628       0x14 ./Core/Src/stm32f4xx_it.o
                0x0000000008001628                OTG_FS_IRQHandler
 .text.SystemInit
                0x000000000800163c       0x24 ./Core/Src/system_stm32f4xx.o
                0x000000000800163c                SystemInit
 .text.Reset_Handler
                0x0000000008001660       0x50 ./Core/Startup/startup_stm32f429zitx.o
                0x0000000008001660                Reset_Handler
 .text.Default_Handler
                0x00000000080016b0        0x2 ./Core/Startup/startup_stm32f429zitx.o
                0x00000000080016b0                RTC_Alarm_IRQHandler
                0x00000000080016b0                HASH_RNG_IRQHandler
                0x00000000080016b0                EXTI2_IRQHandler
                0x00000000080016b0                TIM8_CC_IRQHandler
                0x00000000080016b0                UART8_IRQHandler
                0x00000000080016b0                SPI4_IRQHandler
                0x00000000080016b0                TIM1_CC_IRQHandler
                0x00000000080016b0                DMA2_Stream5_IRQHandler
                0x00000000080016b0                DMA1_Stream5_IRQHandler
                0x00000000080016b0                PVD_IRQHandler
                0x00000000080016b0                SDIO_IRQHandler
                0x00000000080016b0                TAMP_STAMP_IRQHandler
                0x00000000080016b0                CAN2_RX1_IRQHandler
                0x00000000080016b0                EXTI3_IRQHandler
                0x00000000080016b0                TIM8_TRG_COM_TIM14_IRQHandler
                0x00000000080016b0                TIM1_UP_TIM10_IRQHandler
                0x00000000080016b0                TIM8_UP_TIM13_IRQHandler
                0x00000000080016b0                I2C3_ER_IRQHandler
                0x00000000080016b0                EXTI0_IRQHandler
                0x00000000080016b0                I2C2_EV_IRQHandler
                0x00000000080016b0                DMA1_Stream2_IRQHandler
                0x00000000080016b0                CAN1_RX0_IRQHandler
                0x00000000080016b0                FPU_IRQHandler
                0x00000000080016b0                OTG_HS_WKUP_IRQHandler
                0x00000000080016b0                LTDC_ER_IRQHandler
                0x00000000080016b0                CAN2_SCE_IRQHandler
                0x00000000080016b0                DMA2_Stream2_IRQHandler
                0x00000000080016b0                SPI1_IRQHandler
                0x00000000080016b0                TIM6_DAC_IRQHandler
                0x00000000080016b0                TIM1_BRK_TIM9_IRQHandler
                0x00000000080016b0                DCMI_IRQHandler
                0x00000000080016b0                CAN2_RX0_IRQHandler
                0x00000000080016b0                DMA2_Stream3_IRQHandler
                0x00000000080016b0                USART6_IRQHandler
                0x00000000080016b0                USART3_IRQHandler
                0x00000000080016b0                CAN1_RX1_IRQHandler
                0x00000000080016b0                UART5_IRQHandler
                0x00000000080016b0                DMA2_Stream0_IRQHandler
                0x00000000080016b0                TIM4_IRQHandler
                0x00000000080016b0                I2C1_EV_IRQHandler
                0x00000000080016b0                DMA1_Stream6_IRQHandler
                0x00000000080016b0                DMA1_Stream1_IRQHandler
                0x00000000080016b0                UART4_IRQHandler
                0x00000000080016b0                TIM3_IRQHandler
                0x00000000080016b0                RCC_IRQHandler
                0x00000000080016b0                TIM8_BRK_TIM12_IRQHandler
                0x00000000080016b0                Default_Handler
                0x00000000080016b0                EXTI15_10_IRQHandler
                0x00000000080016b0                ADC_IRQHandler
                0x00000000080016b0                DMA1_Stream7_IRQHandler
                0x00000000080016b0                SPI5_IRQHandler
                0x00000000080016b0                TIM7_IRQHandler
                0x00000000080016b0                CAN2_TX_IRQHandler
                0x00000000080016b0                TIM5_IRQHandler
                0x00000000080016b0                DMA2_Stream7_IRQHandler
                0x00000000080016b0                I2C3_EV_IRQHandler
                0x00000000080016b0                EXTI9_5_IRQHandler
                0x00000000080016b0                RTC_WKUP_IRQHandler
                0x00000000080016b0                LTDC_IRQHandler
                0x00000000080016b0                ETH_WKUP_IRQHandler
                0x00000000080016b0                SPI2_IRQHandler
                0x00000000080016b0                OTG_HS_EP1_IN_IRQHandler
                0x00000000080016b0                DMA1_Stream0_IRQHandler
                0x00000000080016b0                CAN1_TX_IRQHandler
                0x00000000080016b0                EXTI4_IRQHandler
                0x00000000080016b0                ETH_IRQHandler
                0x00000000080016b0                OTG_HS_EP1_OUT_IRQHandler
                0x00000000080016b0                WWDG_IRQHandler
                0x00000000080016b0                SPI6_IRQHandler
                0x00000000080016b0                TIM2_IRQHandler
                0x00000000080016b0                OTG_FS_WKUP_IRQHandler
                0x00000000080016b0                TIM1_TRG_COM_TIM11_IRQHandler
                0x00000000080016b0                OTG_HS_IRQHandler
                0x00000000080016b0                DMA2D_IRQHandler
                0x00000000080016b0                EXTI1_IRQHandler
                0x00000000080016b0                UART7_IRQHandler
                0x00000000080016b0                USART2_IRQHandler
                0x00000000080016b0                I2C2_ER_IRQHandler
                0x00000000080016b0                DMA2_Stream1_IRQHandler
                0x00000000080016b0                CAN1_SCE_IRQHandler
                0x00000000080016b0                FLASH_IRQHandler
                0x00000000080016b0                DMA2_Stream4_IRQHandler
                0x00000000080016b0                USART1_IRQHandler
                0x00000000080016b0                SPI3_IRQHandler
                0x00000000080016b0                DMA1_Stream4_IRQHandler
                0x00000000080016b0                I2C1_ER_IRQHandler
                0x00000000080016b0                FMC_IRQHandler
                0x00000000080016b0                DMA2_Stream6_IRQHandler
                0x00000000080016b0                SAI1_IRQHandler
                0x00000000080016b0                DMA1_Stream3_IRQHandler
 *fill*         0x00000000080016b2        0x2 
 .text.HAL_Init
                0x00000000080016b4       0x44 ./Drivers/STM32F4xx_HAL_Driver/Src/stm32f4xx_hal.o
                0x00000000080016b4                HAL_Init
 .text.HAL_InitTick
                0x00000000080016f8       0x60 ./Drivers/STM32F4xx_HAL_Driver/Src/stm32f4xx_hal.o
                0x00000000080016f8                HAL_InitTick
 .text.HAL_IncTick
                0x0000000008001758       0x28 ./Drivers/STM32F4xx_HAL_Driver/Src/stm32f4xx_hal.o
                0x0000000008001758                HAL_IncTick
 .text.HAL_GetTick
                0x0000000008001780       0x18 ./Drivers/STM32F4xx_HAL_Driver/Src/stm32f4xx_hal.o
                0x0000000008001780                HAL_GetTick
 .text.HAL_Delay
                0x0000000008001798       0x48 ./Drivers/STM32F4xx_HAL_Driver/Src/stm32f4xx_hal.o
                0x0000000008001798                HAL_Delay
 .text.__NVIC_SetPriorityGrouping
                0x00000000080017e0       0x48 ./Drivers/STM32F4xx_HAL_Driver/Src/stm32f4xx_hal_cortex.o
 .text.__NVIC_GetPriorityGrouping
                0x0000000008001828       0x1c ./Drivers/STM32F4xx_HAL_Driver/Src/stm32f4xx_hal_cortex.o
 .text.__NVIC_EnableIRQ
                0x0000000008001844       0x3c ./Drivers/STM32F4xx_HAL_Driver/Src/stm32f4xx_hal_cortex.o
 .text.__NVIC_SetPriority
                0x0000000008001880       0x54 ./Drivers/STM32F4xx_HAL_Driver/Src/stm32f4xx_hal_cortex.o
 .text.NVIC_EncodePriority
                0x00000000080018d4       0x66 ./Drivers/STM32F4xx_HAL_Driver/Src/stm32f4xx_hal_cortex.o
 *fill*         0x000000000800193a        0x2 
 .text.SysTick_Config
                0x000000000800193c       0x44 ./Drivers/STM32F4xx_HAL_Driver/Src/stm32f4xx_hal_cortex.o
 .text.HAL_NVIC_SetPriorityGrouping
                0x0000000008001980       0x16 ./Drivers/STM32F4xx_HAL_Driver/Src/stm32f4xx_hal_cortex.o
                0x0000000008001980                HAL_NVIC_SetPriorityGrouping
 .text.HAL_NVIC_SetPriority
                0x0000000008001996       0x38 ./Drivers/STM32F4xx_HAL_Driver/Src/stm32f4xx_hal_cortex.o
                0x0000000008001996                HAL_NVIC_SetPriority
 .text.HAL_NVIC_EnableIRQ
                0x00000000080019ce       0x1c ./Drivers/STM32F4xx_HAL_Driver/Src/stm32f4xx_hal_cortex.o
                0x00000000080019ce                HAL_NVIC_EnableIRQ
 .text.HAL_SYSTICK_Config
                0x00000000080019ea       0x18 ./Drivers/STM32F4xx_HAL_Driver/Src/stm32f4xx_hal_cortex.o
                0x00000000080019ea                HAL_SYSTICK_Config
 *fill*         0x0000000008001a02        0x2 
 .text.HAL_GPIO_Init
                0x0000000008001a04      0x358 ./Drivers/STM32F4xx_HAL_Driver/Src/stm32f4xx_hal_gpio.o
                0x0000000008001a04                HAL_GPIO_Init
 .text.HAL_GPIO_ReadPin
                0x0000000008001d5c       0x30 ./Drivers/STM32F4xx_HAL_Driver/Src/stm32f4xx_hal_gpio.o
                0x0000000008001d5c                HAL_GPIO_ReadPin
 .text.HAL_GPIO_WritePin
                0x0000000008001d8c       0x32 ./Drivers/STM32F4xx_HAL_Driver/Src/stm32f4xx_hal_gpio.o
                0x0000000008001d8c                HAL_GPIO_WritePin
 .text.HAL_PCD_Init
                0x0000000008001dbe      0x23a ./Drivers/STM32F4xx_HAL_Driver/Src/stm32f4xx_hal_pcd.o
                0x0000000008001dbe                HAL_PCD_Init
 .text.HAL_PCD_Start
                0x0000000008001ff8       0x66 ./Drivers/STM32F4xx_HAL_Driver/Src/stm32f4xx_hal_pcd.o
                0x0000000008001ff8                HAL_PCD_Start
 .text.HAL_PCD_IRQHandler
                0x000000000800205e      0x93e ./Drivers/STM32F4xx_HAL_Driver/Src/stm32f4xx_hal_pcd.o
                0x000000000800205e                HAL_PCD_IRQHandler
 .text.HAL_PCD_SetAddress
                0x000000000800299c       0x4a ./Drivers/STM32F4xx_HAL_Driver/Src/stm32f4xx_hal_pcd.o
                0x000000000800299c                HAL_PCD_SetAddress
 .text.HAL_PCD_EP_Open
                0x00000000080029e6       0xd0 ./Drivers/STM32F4xx_HAL_Driver/Src/stm32f4xx_hal_pcd.o
                0x00000000080029e6                HAL_PCD_EP_Open
 .text.HAL_PCD_EP_Close
                0x0000000008002ab6       0x94 ./Drivers/STM32F4xx_HAL_Driver/Src/stm32f4xx_hal_pcd.o
                0x0000000008002ab6                HAL_PCD_EP_Close
 .text.HAL_PCD_EP_Receive
                0x0000000008002b4a       0x96 ./Drivers/STM32F4xx_HAL_Driver/Src/stm32f4xx_hal_pcd.o
                0x0000000008002b4a                HAL_PCD_EP_Receive
 .text.HAL_PCD_EP_Transmit
                0x0000000008002be0       0x94 ./Drivers/STM32F4xx_HAL_Driver/Src/stm32f4xx_hal_pcd.o
                0x0000000008002be0                HAL_PCD_EP_Transmit
 .text.HAL_PCD_EP_SetStall
                0x0000000008002c74       0xc8 ./Drivers/STM32F4xx_HAL_Driver/Src/stm32f4xx_hal_pcd.o
                0x0000000008002c74                HAL_PCD_EP_SetStall
 .text.HAL_PCD_EP_ClrStall
                0x0000000008002d3c       0xac ./Drivers/STM32F4xx_HAL_Driver/Src/stm32f4xx_hal_pcd.o
                0x0000000008002d3c                HAL_PCD_EP_ClrStall
 .text.HAL_PCD_EP_Abort
                0x0000000008002de8       0x62 ./Drivers/STM32F4xx_HAL_Driver/Src/stm32f4xx_hal_pcd.o
                0x0000000008002de8                HAL_PCD_EP_Abort
 .text.PCD_WriteEmptyTxFifo
                0x0000000008002e4a      0x11a ./Drivers/STM32F4xx_HAL_Driver/Src/stm32f4xx_hal_pcd.o
 .text.PCD_EP_OutXfrComplete_int
                0x0000000008002f64      0x1d0 ./Drivers/STM32F4xx_HAL_Driver/Src/stm32f4xx_hal_pcd.o
 .text.PCD_EP_OutSetupPacket_int
                0x0000000008003134       0x8c ./Drivers/STM32F4xx_HAL_Driver/Src/stm32f4xx_hal_pcd.o
 .text.HAL_PCDEx_SetTxFiFo
                0x00000000080031c0       0x8e ./Drivers/STM32F4xx_HAL_Driver/Src/stm32f4xx_hal_pcd_ex.o
                0x00000000080031c0                HAL_PCDEx_SetTxFiFo
 .text.HAL_PCDEx_SetRxFiFo
                0x000000000800324e       0x22 ./Drivers/STM32F4xx_HAL_Driver/Src/stm32f4xx_hal_pcd_ex.o
                0x000000000800324e                HAL_PCDEx_SetRxFiFo
 .text.HAL_PCDEx_LPM_Callback
                0x0000000008003270       0x18 ./Drivers/STM32F4xx_HAL_Driver/Src/stm32f4xx_hal_pcd_ex.o
                0x0000000008003270                HAL_PCDEx_LPM_Callback
 .text.HAL_RCC_OscConfig
                0x0000000008003288      0x4f0 ./Drivers/STM32F4xx_HAL_Driver/Src/stm32f4xx_hal_rcc.o
                0x0000000008003288                HAL_RCC_OscConfig
 .text.HAL_RCC_ClockConfig
                0x0000000008003778      0x1cc ./Drivers/STM32F4xx_HAL_Driver/Src/stm32f4xx_hal_rcc.o
                0x0000000008003778                HAL_RCC_ClockConfig
 .text.HAL_RCC_GetSysClockFreq
                0x0000000008003944      0x20c ./Drivers/STM32F4xx_HAL_Driver/Src/stm32f4xx_hal_rcc.o
                0x0000000008003944                HAL_RCC_GetSysClockFreq
 .text.HAL_RCC_GetHCLKFreq
                0x0000000008003b50       0x18 ./Drivers/STM32F4xx_HAL_Driver/Src/stm32f4xx_hal_rcc.o
                0x0000000008003b50                HAL_RCC_GetHCLKFreq
 .text.HAL_RCC_GetPCLK1Freq
                0x0000000008003b68       0x28 ./Drivers/STM32F4xx_HAL_Driver/Src/stm32f4xx_hal_rcc.o
                0x0000000008003b68                HAL_RCC_GetPCLK1Freq
 .text.HAL_RCC_GetPCLK2Freq
                0x0000000008003b90       0x28 ./Drivers/STM32F4xx_HAL_Driver/Src/stm32f4xx_hal_rcc.o
                0x0000000008003b90                HAL_RCC_GetPCLK2Freq
 .text.HAL_UART_Init
                0x0000000008003bb8       0x9a ./Drivers/STM32F4xx_HAL_Driver/Src/stm32f4xx_hal_uart.o
                0x0000000008003bb8                HAL_UART_Init
 *fill*         0x0000000008003c52        0x2 
 .text.UART_SetConfig
                0x0000000008003c54      0x4e8 ./Drivers/STM32F4xx_HAL_Driver/Src/stm32f4xx_hal_uart.o
 .text.USB_CoreInit
                0x000000000800413c       0xc2 ./Drivers/STM32F4xx_HAL_Driver/Src/stm32f4xx_ll_usb.o
                0x000000000800413c                USB_CoreInit
 *fill*         0x00000000080041fe        0x2 
 .text.USB_SetTurnaroundTime
                0x0000000008004200      0x144 ./Drivers/STM32F4xx_HAL_Driver/Src/stm32f4xx_ll_usb.o
                0x0000000008004200                USB_SetTurnaroundTime
 .text.USB_EnableGlobalInt
                0x0000000008004344       0x22 ./Drivers/STM32F4xx_HAL_Driver/Src/stm32f4xx_ll_usb.o
                0x0000000008004344                USB_EnableGlobalInt
 .text.USB_DisableGlobalInt
                0x0000000008004366       0x22 ./Drivers/STM32F4xx_HAL_Driver/Src/stm32f4xx_ll_usb.o
                0x0000000008004366                USB_DisableGlobalInt
 .text.USB_SetCurrentMode
                0x0000000008004388       0x98 ./Drivers/STM32F4xx_HAL_Driver/Src/stm32f4xx_ll_usb.o
                0x0000000008004388                USB_SetCurrentMode
 .text.USB_DevInit
                0x0000000008004420      0x2c8 ./Drivers/STM32F4xx_HAL_Driver/Src/stm32f4xx_ll_usb.o
                0x0000000008004420                USB_DevInit
 .text.USB_FlushTxFifo
                0x00000000080046e8       0x68 ./Drivers/STM32F4xx_HAL_Driver/Src/stm32f4xx_ll_usb.o
                0x00000000080046e8                USB_FlushTxFifo
 .text.USB_FlushRxFifo
                0x0000000008004750       0x60 ./Drivers/STM32F4xx_HAL_Driver/Src/stm32f4xx_ll_usb.o
                0x0000000008004750                USB_FlushRxFifo
 .text.USB_SetDevSpeed
                0x00000000080047b0       0x32 ./Drivers/STM32F4xx_HAL_Driver/Src/stm32f4xx_ll_usb.o
                0x00000000080047b0                USB_SetDevSpeed
 .text.USB_GetDevSpeed
                0x00000000080047e2       0x4a ./Drivers/STM32F4xx_HAL_Driver/Src/stm32f4xx_ll_usb.o
                0x00000000080047e2                USB_GetDevSpeed
 .text.USB_ActivateEndpoint
                0x000000000800482c      0x10e ./Drivers/STM32F4xx_HAL_Driver/Src/stm32f4xx_ll_usb.o
                0x000000000800482c                USB_ActivateEndpoint
 *fill*         0x000000000800493a        0x2 
 .text.USB_DeactivateEndpoint
                0x000000000800493c      0x1b8 ./Drivers/STM32F4xx_HAL_Driver/Src/stm32f4xx_ll_usb.o
                0x000000000800493c                USB_DeactivateEndpoint
 .text.USB_EPStartXfer
                0x0000000008004af4      0x490 ./Drivers/STM32F4xx_HAL_Driver/Src/stm32f4xx_ll_usb.o
                0x0000000008004af4                USB_EPStartXfer
 .text.USB_EP0StartXfer
                0x0000000008004f84      0x2b0 ./Drivers/STM32F4xx_HAL_Driver/Src/stm32f4xx_ll_usb.o
                0x0000000008004f84                USB_EP0StartXfer
 .text.USB_EPStopXfer
                0x0000000008005234      0x154 ./Drivers/STM32F4xx_HAL_Driver/Src/stm32f4xx_ll_usb.o
                0x0000000008005234                USB_EPStopXfer
 .text.USB_WritePacket
                0x0000000008005388       0x7c ./Drivers/STM32F4xx_HAL_Driver/Src/stm32f4xx_ll_usb.o
                0x0000000008005388                USB_WritePacket
 .text.USB_ReadPacket
                0x0000000008005404       0xb0 ./Drivers/STM32F4xx_HAL_Driver/Src/stm32f4xx_ll_usb.o
                0x0000000008005404                USB_ReadPacket
 .text.USB_EPSetStall
                0x00000000080054b4       0xdc ./Drivers/STM32F4xx_HAL_Driver/Src/stm32f4xx_ll_usb.o
                0x00000000080054b4                USB_EPSetStall
 .text.USB_EPClearStall
                0x0000000008005590       0xcc ./Drivers/STM32F4xx_HAL_Driver/Src/stm32f4xx_ll_usb.o
                0x0000000008005590                USB_EPClearStall
 .text.USB_SetDevAddress
                0x000000000800565c       0x4c ./Drivers/STM32F4xx_HAL_Driver/Src/stm32f4xx_ll_usb.o
                0x000000000800565c                USB_SetDevAddress
 .text.USB_DevConnect
                0x00000000080056a8       0x42 ./Drivers/STM32F4xx_HAL_Driver/Src/stm32f4xx_ll_usb.o
                0x00000000080056a8                USB_DevConnect
 .text.USB_DevDisconnect
                0x00000000080056ea       0x42 ./Drivers/STM32F4xx_HAL_Driver/Src/stm32f4xx_ll_usb.o
                0x00000000080056ea                USB_DevDisconnect
 .text.USB_ReadInterrupts
                0x000000000800572c       0x26 ./Drivers/STM32F4xx_HAL_Driver/Src/stm32f4xx_ll_usb.o
                0x000000000800572c                USB_ReadInterrupts
 .text.USB_ReadDevAllOutEpInterrupt
                0x0000000008005752       0x34 ./Drivers/STM32F4xx_HAL_Driver/Src/stm32f4xx_ll_usb.o
                0x0000000008005752                USB_ReadDevAllOutEpInterrupt
 .text.USB_ReadDevAllInEpInterrupt
                0x0000000008005786       0x34 ./Drivers/STM32F4xx_HAL_Driver/Src/stm32f4xx_ll_usb.o
                0x0000000008005786                USB_ReadDevAllInEpInterrupt
 .text.USB_ReadDevOutEPInterrupt
                0x00000000080057ba       0x3c ./Drivers/STM32F4xx_HAL_Driver/Src/stm32f4xx_ll_usb.o
                0x00000000080057ba                USB_ReadDevOutEPInterrupt
 .text.USB_ReadDevInEPInterrupt
                0x00000000080057f6       0x5c ./Drivers/STM32F4xx_HAL_Driver/Src/stm32f4xx_ll_usb.o
                0x00000000080057f6                USB_ReadDevInEPInterrupt
 .text.USB_GetMode
                0x0000000008005852       0x1c ./Drivers/STM32F4xx_HAL_Driver/Src/stm32f4xx_ll_usb.o
                0x0000000008005852                USB_GetMode
 .text.USB_ActivateSetup
                0x000000000800586e       0x46 ./Drivers/STM32F4xx_HAL_Driver/Src/stm32f4xx_ll_usb.o
                0x000000000800586e                USB_ActivateSetup
 .text.USB_EP0_OutStart
                0x00000000080058b4       0xbc ./Drivers/STM32F4xx_HAL_Driver/Src/stm32f4xx_ll_usb.o
                0x00000000080058b4                USB_EP0_OutStart
 .text.USB_CoreReset
                0x0000000008005970       0x68 ./Drivers/STM32F4xx_HAL_Driver/Src/stm32f4xx_ll_usb.o
 .text.USBD_HID_Init
                0x00000000080059d8       0xcc ./Middlewares/ST/STM32_USB_Device_Library/Class/HID/Src/usbd_hid.o
 .text.USBD_HID_DeInit
                0x0000000008005aa4       0x90 ./Middlewares/ST/STM32_USB_Device_Library/Class/HID/Src/usbd_hid.o
 .text.USBD_HID_Setup
                0x0000000008005b34      0x210 ./Middlewares/ST/STM32_USB_Device_Library/Class/HID/Src/usbd_hid.o
 .text.USBD_HID_SendReport
                0x0000000008005d44       0x60 ./Middlewares/ST/STM32_USB_Device_Library/Class/HID/Src/usbd_hid.o
                0x0000000008005d44                USBD_HID_SendReport
 .text.USBD_HID_GetPollingInterval
                0x0000000008005da4       0x28 ./Middlewares/ST/STM32_USB_Device_Library/Class/HID/Src/usbd_hid.o
                0x0000000008005da4                USBD_HID_GetPollingInterval
 .text.USBD_HID_GetFSCfgDesc
                0x0000000008005dcc       0x34 ./Middlewares/ST/STM32_USB_Device_Library/Class/HID/Src/usbd_hid.o
 .text.USBD_HID_GetHSCfgDesc
                0x0000000008005e00       0x34 ./Middlewares/ST/STM32_USB_Device_Library/Class/HID/Src/usbd_hid.o
 .text.USBD_HID_GetOtherSpeedCfgDesc
                0x0000000008005e34       0x34 ./Middlewares/ST/STM32_USB_Device_Library/Class/HID/Src/usbd_hid.o
 .text.USBD_HID_DataIn
                0x0000000008005e68       0x2c ./Middlewares/ST/STM32_USB_Device_Library/Class/HID/Src/usbd_hid.o
 .text.USBD_HID_GetDeviceQualifierDesc
                0x0000000008005e94       0x20 ./Middlewares/ST/STM32_USB_Device_Library/Class/HID/Src/usbd_hid.o
 .text.USBD_Init
                0x0000000008005eb4       0x60 ./Middlewares/ST/STM32_USB_Device_Library/Core/Src/usbd_core.o
                0x0000000008005eb4                USBD_Init
 .text.USBD_RegisterClass
                0x0000000008005f14       0x6c ./Middlewares/ST/STM32_USB_Device_Library/Core/Src/usbd_core.o
                0x0000000008005f14                USBD_RegisterClass
 .text.USBD_Start
                0x0000000008005f80       0x18 ./Middlewares/ST/STM32_USB_Device_Library/Core/Src/usbd_core.o
                0x0000000008005f80                USBD_Start
 .text.USBD_RunTestMode
                0x0000000008005f98       0x16 ./Middlewares/ST/STM32_USB_Device_Library/Core/Src/usbd_core.o
                0x0000000008005f98                USBD_RunTestMode
 .text.USBD_SetClassConfig
                0x0000000008005fae       0x38 ./Middlewares/ST/STM32_USB_Device_Library/Core/Src/usbd_core.o
                0x0000000008005fae                USBD_SetClassConfig
 .text.USBD_ClrClassConfig
                0x0000000008005fe6       0x34 ./Middlewares/ST/STM32_USB_Device_Library/Core/Src/usbd_core.o
                0x0000000008005fe6                USBD_ClrClassConfig
 .text.USBD_LL_SetupStage
                0x000000000800601a       0xaa ./Middlewares/ST/STM32_USB_Device_Library/Core/Src/usbd_core.o
                0x000000000800601a                USBD_LL_SetupStage
 .text.USBD_LL_DataOutStage
                0x00000000080060c4      0x166 ./Middlewares/ST/STM32_USB_Device_Library/Core/Src/usbd_core.o
                0x00000000080060c4                USBD_LL_DataOutStage
 .text.USBD_LL_DataInStage
                0x000000000800622a      0x164 ./Middlewares/ST/STM32_USB_Device_Library/Core/Src/usbd_core.o
                0x000000000800622a                USBD_LL_DataInStage
 .text.USBD_LL_Reset
                0x000000000800638e       0xa4 ./Middlewares/ST/STM32_USB_Device_Library/Core/Src/usbd_core.o
                0x000000000800638e                USBD_LL_Reset
 .text.USBD_LL_SetSpeed
                0x0000000008006432       0x20 ./Middlewares/ST/STM32_USB_Device_Library/Core/Src/usbd_core.o
                0x0000000008006432                USBD_LL_SetSpeed
 .text.USBD_LL_Suspend
                0x0000000008006452       0x2c ./Middlewares/ST/STM32_USB_Device_Library/Core/Src/usbd_core.o
                0x0000000008006452                USBD_LL_Suspend
 .text.USBD_LL_Resume
                0x000000000800647e       0x30 ./Middlewares/ST/STM32_USB_Device_Library/Core/Src/usbd_core.o
                0x000000000800647e                USBD_LL_Resume
 .text.USBD_LL_SOF
                0x00000000080064ae       0x40 ./Middlewares/ST/STM32_USB_Device_Library/Core/Src/usbd_core.o
                0x00000000080064ae                USBD_LL_SOF
 .text.USBD_LL_IsoINIncomplete
                0x00000000080064ee       0x64 ./Middlewares/ST/STM32_USB_Device_Library/Core/Src/usbd_core.o
                0x00000000080064ee                USBD_LL_IsoINIncomplete
 .text.USBD_LL_IsoOUTIncomplete
                0x0000000008006552       0x64 ./Middlewares/ST/STM32_USB_Device_Library/Core/Src/usbd_core.o
                0x0000000008006552                USBD_LL_IsoOUTIncomplete
 .text.USBD_LL_DevConnected
                0x00000000080065b6       0x16 ./Middlewares/ST/STM32_USB_Device_Library/Core/Src/usbd_core.o
                0x00000000080065b6                USBD_LL_DevConnected
 .text.USBD_LL_DevDisconnected
                0x00000000080065cc       0x46 ./Middlewares/ST/STM32_USB_Device_Library/Core/Src/usbd_core.o
                0x00000000080065cc                USBD_LL_DevDisconnected
 .text.USBD_CoreFindIF
                0x0000000008006612       0x1a ./Middlewares/ST/STM32_USB_Device_Library/Core/Src/usbd_core.o
                0x0000000008006612                USBD_CoreFindIF
 .text.USBD_CoreFindEP
                0x000000000800662c       0x1a ./Middlewares/ST/STM32_USB_Device_Library/Core/Src/usbd_core.o
                0x000000000800662c                USBD_CoreFindEP
 .text.USBD_GetEpDesc
                0x0000000008006646       0x74 ./Middlewares/ST/STM32_USB_Device_Library/Core/Src/usbd_core.o
                0x0000000008006646                USBD_GetEpDesc
 .text.USBD_GetNextDesc
                0x00000000080066ba       0x3a ./Middlewares/ST/STM32_USB_Device_Library/Core/Src/usbd_core.o
                0x00000000080066ba                USBD_GetNextDesc
 .text.SWAPBYTE
                0x00000000080066f4       0x3c ./Middlewares/ST/STM32_USB_Device_Library/Core/Src/usbd_ctlreq.o
 .text.USBD_StdDevReq
                0x0000000008006730       0xe4 ./Middlewares/ST/STM32_USB_Device_Library/Core/Src/usbd_ctlreq.o
                0x0000000008006730                USBD_StdDevReq
 .text.USBD_StdItfReq
                0x0000000008006814       0xd8 ./Middlewares/ST/STM32_USB_Device_Library/Core/Src/usbd_ctlreq.o
                0x0000000008006814                USBD_StdItfReq
 .text.USBD_StdEPReq
                0x00000000080068ec      0x33a ./Middlewares/ST/STM32_USB_Device_Library/Core/Src/usbd_ctlreq.o
                0x00000000080068ec                USBD_StdEPReq
 *fill*         0x0000000008006c26        0x2 
 .text.USBD_GetDescriptor
                0x0000000008006c28      0x2d4 ./Middlewares/ST/STM32_USB_Device_Library/Core/Src/usbd_ctlreq.o
 .text.USBD_SetAddress
                0x0000000008006efc       0x88 ./Middlewares/ST/STM32_USB_Device_Library/Core/Src/usbd_ctlreq.o
 .text.USBD_SetConfig
                0x0000000008006f84      0x154 ./Middlewares/ST/STM32_USB_Device_Library/Core/Src/usbd_ctlreq.o
 .text.USBD_GetConfig
                0x00000000080070d8       0x6c ./Middlewares/ST/STM32_USB_Device_Library/Core/Src/usbd_ctlreq.o
 .text.USBD_GetStatus
                0x0000000008007144       0x68 ./Middlewares/ST/STM32_USB_Device_Library/Core/Src/usbd_ctlreq.o
 .text.USBD_SetFeature
                0x00000000080071ac       0x52 ./Middlewares/ST/STM32_USB_Device_Library/Core/Src/usbd_ctlreq.o
 .text.USBD_ClrFeature
                0x00000000080071fe       0x44 ./Middlewares/ST/STM32_USB_Device_Library/Core/Src/usbd_ctlreq.o
 .text.USBD_ParseSetupRequest
                0x0000000008007242       0x74 ./Middlewares/ST/STM32_USB_Device_Library/Core/Src/usbd_ctlreq.o
                0x0000000008007242                USBD_ParseSetupRequest
 .text.USBD_CtlError
                0x00000000080072b6       0x22 ./Middlewares/ST/STM32_USB_Device_Library/Core/Src/usbd_ctlreq.o
                0x00000000080072b6                USBD_CtlError
 .text.USBD_GetString
                0x00000000080072d8       0x8c ./Middlewares/ST/STM32_USB_Device_Library/Core/Src/usbd_ctlreq.o
                0x00000000080072d8                USBD_GetString
 .text.USBD_GetLen
                0x0000000008007364       0x34 ./Middlewares/ST/STM32_USB_Device_Library/Core/Src/usbd_ctlreq.o
 .text.USBD_CtlSendData
                0x0000000008007398       0x36 ./Middlewares/ST/STM32_USB_Device_Library/Core/Src/usbd_ioreq.o
                0x0000000008007398                USBD_CtlSendData
 .text.USBD_CtlContinueSendData
                0x00000000080073ce       0x22 ./Middlewares/ST/STM32_USB_Device_Library/Core/Src/usbd_ioreq.o
                0x00000000080073ce                USBD_CtlContinueSendData
 .text.USBD_CtlContinueRx
                0x00000000080073f0       0x22 ./Middlewares/ST/STM32_USB_Device_Library/Core/Src/usbd_ioreq.o
                0x00000000080073f0                USBD_CtlContinueRx
 .text.USBD_CtlSendStatus
                0x0000000008007412       0x26 ./Middlewares/ST/STM32_USB_Device_Library/Core/Src/usbd_ioreq.o
                0x0000000008007412                USBD_CtlSendStatus
 .text.USBD_CtlReceiveStatus
                0x0000000008007438       0x26 ./Middlewares/ST/STM32_USB_Device_Library/Core/Src/usbd_ioreq.o
                0x0000000008007438                USBD_CtlReceiveStatus
 *fill*         0x000000000800745e        0x2 
 .text.MX_USB_DEVICE_Init
                0x0000000008007460       0x4c ./USB_DEVICE/App/usb_device.o
                0x0000000008007460                MX_USB_DEVICE_Init
 .text.USBD_FS_DeviceDescriptor
                0x00000000080074ac       0x24 ./USB_DEVICE/App/usbd_desc.o
                0x00000000080074ac                USBD_FS_DeviceDescriptor
 .text.USBD_FS_LangIDStrDescriptor
                0x00000000080074d0       0x24 ./USB_DEVICE/App/usbd_desc.o
                0x00000000080074d0                USBD_FS_LangIDStrDescriptor
 .text.USBD_FS_ProductStrDescriptor
                0x00000000080074f4       0x3c ./USB_DEVICE/App/usbd_desc.o
                0x00000000080074f4                USBD_FS_ProductStrDescriptor
 .text.USBD_FS_ManufacturerStrDescriptor
                0x0000000008007530       0x28 ./USB_DEVICE/App/usbd_desc.o
                0x0000000008007530                USBD_FS_ManufacturerStrDescriptor
 .text.USBD_FS_SerialStrDescriptor
                0x0000000008007558       0x24 ./USB_DEVICE/App/usbd_desc.o
                0x0000000008007558                USBD_FS_SerialStrDescriptor
 .text.USBD_FS_ConfigStrDescriptor
                0x000000000800757c       0x3c ./USB_DEVICE/App/usbd_desc.o
                0x000000000800757c                USBD_FS_ConfigStrDescriptor
 .text.USBD_FS_InterfaceStrDescriptor
                0x00000000080075b8       0x3c ./USB_DEVICE/App/usbd_desc.o
                0x00000000080075b8                USBD_FS_InterfaceStrDescriptor
 .text.Get_SerialNum
                0x00000000080075f4       0x58 ./USB_DEVICE/App/usbd_desc.o
 .text.IntToUnicode
                0x000000000800764c       0x7e ./USB_DEVICE/App/usbd_desc.o
 *fill*         0x00000000080076ca        0x2 
 .text.HAL_PCD_MspInit
                0x00000000080076cc       0xc4 ./USB_DEVICE/Target/usbd_conf.o
                0x00000000080076cc                HAL_PCD_MspInit
 .text.HAL_PCD_SetupStageCallback
                0x0000000008007790       0x24 ./USB_DEVICE/Target/usbd_conf.o
                0x0000000008007790                HAL_PCD_SetupStageCallback
 .text.HAL_PCD_DataOutStageCallback
                0x00000000080077b4       0x36 ./USB_DEVICE/Target/usbd_conf.o
                0x00000000080077b4                HAL_PCD_DataOutStageCallback
 .text.HAL_PCD_DataInStageCallback
                0x00000000080077ea       0x34 ./USB_DEVICE/Target/usbd_conf.o
                0x00000000080077ea                HAL_PCD_DataInStageCallback
 .text.HAL_PCD_SOFCallback
                0x000000000800781e       0x1c ./USB_DEVICE/Target/usbd_conf.o
                0x000000000800781e                HAL_PCD_SOFCallback
 .text.HAL_PCD_ResetCallback
                0x000000000800783a       0x50 ./USB_DEVICE/Target/usbd_conf.o
                0x000000000800783a                HAL_PCD_ResetCallback
 *fill*         0x000000000800788a        0x2 
 .text.HAL_PCD_SuspendCallback
                0x000000000800788c       0x4c ./USB_DEVICE/Target/usbd_conf.o
                0x000000000800788c                HAL_PCD_SuspendCallback
 .text.HAL_PCD_ResumeCallback
                0x00000000080078d8       0x1c ./USB_DEVICE/Target/usbd_conf.o
                0x00000000080078d8                HAL_PCD_ResumeCallback
 .text.HAL_PCD_ISOOUTIncompleteCallback
                0x00000000080078f4       0x24 ./USB_DEVICE/Target/usbd_conf.o
                0x00000000080078f4                HAL_PCD_ISOOUTIncompleteCallback
 .text.HAL_PCD_ISOINIncompleteCallback
                0x0000000008007918       0x24 ./USB_DEVICE/Target/usbd_conf.o
                0x0000000008007918                HAL_PCD_ISOINIncompleteCallback
 .text.HAL_PCD_ConnectCallback
                0x000000000800793c       0x1c ./USB_DEVICE/Target/usbd_conf.o
                0x000000000800793c                HAL_PCD_ConnectCallback
 .text.HAL_PCD_DisconnectCallback
                0x0000000008007958       0x1c ./USB_DEVICE/Target/usbd_conf.o
                0x0000000008007958                HAL_PCD_DisconnectCallback
 .text.USBD_LL_Init
                0x0000000008007974       0x98 ./USB_DEVICE/Target/usbd_conf.o
                0x0000000008007974                USBD_LL_Init
 .text.USBD_LL_Start
                0x0000000008007a0c       0x36 ./USB_DEVICE/Target/usbd_conf.o
                0x0000000008007a0c                USBD_LL_Start
 .text.USBD_LL_OpenEP
                0x0000000008007a42       0x4c ./USB_DEVICE/Target/usbd_conf.o
                0x0000000008007a42                USBD_LL_OpenEP
 .text.USBD_LL_CloseEP
                0x0000000008007a8e       0x3e ./USB_DEVICE/Target/usbd_conf.o
                0x0000000008007a8e                USBD_LL_CloseEP
 .text.USBD_LL_StallEP
                0x0000000008007acc       0x3e ./USB_DEVICE/Target/usbd_conf.o
                0x0000000008007acc                USBD_LL_StallEP
 .text.USBD_LL_ClearStallEP
                0x0000000008007b0a       0x3e ./USB_DEVICE/Target/usbd_conf.o
                0x0000000008007b0a                USBD_LL_ClearStallEP
 .text.USBD_LL_IsStallEP
                0x0000000008007b48       0x58 ./USB_DEVICE/Target/usbd_conf.o
                0x0000000008007b48                USBD_LL_IsStallEP
 .text.USBD_LL_SetUSBAddress
                0x0000000008007ba0       0x3e ./USB_DEVICE/Target/usbd_conf.o
                0x0000000008007ba0                USBD_LL_SetUSBAddress
 .text.USBD_LL_Transmit
                0x0000000008007bde       0x42 ./USB_DEVICE/Target/usbd_conf.o
                0x0000000008007bde                USBD_LL_Transmit
 .text.USBD_LL_PrepareReceive
                0x0000000008007c20       0x42 ./USB_DEVICE/Target/usbd_conf.o
                0x0000000008007c20                USBD_LL_PrepareReceive
 *fill*         0x0000000008007c62        0x2 
 .text.USBD_static_malloc
                0x0000000008007c64       0x1c ./USB_DEVICE/Target/usbd_conf.o
                0x0000000008007c64                USBD_static_malloc
 .text.USBD_static_free
                0x0000000008007c80       0x14 ./USB_DEVICE/Target/usbd_conf.o
                0x0000000008007c80                USBD_static_free
 .text.USBD_Get_USB_Status
                0x0000000008007c94       0x58 ./USB_DEVICE/Target/usbd_conf.o
                0x0000000008007c94                USBD_Get_USB_Status
 .text.memset   0x0000000008007cec       0x10 C:/appz/ST/STM32CubeIDE_1.10.1/STM32CubeIDE/plugins/com.st.stm32cube.ide.mcu.externaltools.gnu-tools-for-stm32.11.3.rel1.win32_1.1.0.202305231506/tools/bin/../lib/gcc/arm-none-eabi/11.3.1/../../../../arm-none-eabi/lib/thumb/v7e-m+fp/hard\libc_nano.a(libc_a-memset.o)
                0x0000000008007cec                memset
 .text.__libc_init_array
                0x0000000008007cfc       0x48 C:/appz/ST/STM32CubeIDE_1.10.1/STM32CubeIDE/plugins/com.st.stm32cube.ide.mcu.externaltools.gnu-tools-for-stm32.11.3.rel1.win32_1.1.0.202305231506/tools/bin/../lib/gcc/arm-none-eabi/11.3.1/../../../../arm-none-eabi/lib/thumb/v7e-m+fp/hard\libc_nano.a(libc_a-init.o)
                0x0000000008007cfc                __libc_init_array
 *fill*         0x0000000008007d44        0x4 
 .text.cos      0x0000000008007d48       0xa8 C:/appz/ST/STM32CubeIDE_1.10.1/STM32CubeIDE/plugins/com.st.stm32cube.ide.mcu.externaltools.gnu-tools-for-stm32.11.3.rel1.win32_1.1.0.202305231506/tools/bin/../lib/gcc/arm-none-eabi/11.3.1/../../../../arm-none-eabi/lib/thumb/v7e-m+fp/hard\libm.a(libm_a-s_cos.o)
                0x0000000008007d48                cos
 .text.sin      0x0000000008007df0       0xb0 C:/appz/ST/STM32CubeIDE_1.10.1/STM32CubeIDE/plugins/com.st.stm32cube.ide.mcu.externaltools.gnu-tools-for-stm32.11.3.rel1.win32_1.1.0.202305231506/tools/bin/../lib/gcc/arm-none-eabi/11.3.1/../../../../arm-none-eabi/lib/thumb/v7e-m+fp/hard\libm.a(libm_a-s_sin.o)
                0x0000000008007df0                sin
 .text.__kernel_cos
                0x0000000008007ea0      0x18c C:/appz/ST/STM32CubeIDE_1.10.1/STM32CubeIDE/plugins/com.st.stm32cube.ide.mcu.externaltools.gnu-tools-for-stm32.11.3.rel1.win32_1.1.0.202305231506/tools/bin/../lib/gcc/arm-none-eabi/11.3.1/../../../../arm-none-eabi/lib/thumb/v7e-m+fp/hard\libm.a(libm_a-k_cos.o)
                0x0000000008007ea0                __kernel_cos
 *fill*         0x000000000800802c        0x4 
 .text.__kernel_sin
                0x0000000008008030      0x17c C:/appz/ST/STM32CubeIDE_1.10.1/STM32CubeIDE/plugins/com.st.stm32cube.ide.mcu.externaltools.gnu-tools-for-stm32.11.3.rel1.win32_1.1.0.202305231506/tools/bin/../lib/gcc/arm-none-eabi/11.3.1/../../../../arm-none-eabi/lib/thumb/v7e-m+fp/hard\libm.a(libm_a-k_sin.o)
                0x0000000008008030                __kernel_sin
 *fill*         0x00000000080081ac        0x4 
 .text.__ieee754_rem_pio2
                0x00000000080081b0      0x40c C:/appz/ST/STM32CubeIDE_1.10.1/STM32CubeIDE/plugins/com.st.stm32cube.ide.mcu.externaltools.gnu-tools-for-stm32.11.3.rel1.win32_1.1.0.202305231506/tools/bin/../lib/gcc/arm-none-eabi/11.3.1/../../../../arm-none-eabi/lib/thumb/v7e-m+fp/hard\libm.a(libm_a-e_rem_pio2.o)
                0x00000000080081b0                __ieee754_rem_pio2
 .text.fabs     0x00000000080085bc       0x12 C:/appz/ST/STM32CubeIDE_1.10.1/STM32CubeIDE/plugins/com.st.stm32cube.ide.mcu.externaltools.gnu-tools-for-stm32.11.3.rel1.win32_1.1.0.202305231506/tools/bin/../lib/gcc/arm-none-eabi/11.3.1/../../../../arm-none-eabi/lib/thumb/v7e-m+fp/hard\libm.a(libm_a-s_fabs.o)
                0x00000000080085bc                fabs
 *fill*         0x00000000080085ce        0x2 
 .text.__kernel_rem_pio2
                0x00000000080085d0      0x69c C:/appz/ST/STM32CubeIDE_1.10.1/STM32CubeIDE/plugins/com.st.stm32cube.ide.mcu.externaltools.gnu-tools-for-stm32.11.3.rel1.win32_1.1.0.202305231506/tools/bin/../lib/gcc/arm-none-eabi/11.3.1/../../../../arm-none-eabi/lib/thumb/v7e-m+fp/hard\libm.a(libm_a-k_rem_pio2.o)
                0x00000000080085d0                __kernel_rem_pio2
 *fill*         0x0000000008008c6c        0x4 
 .text.scalbn   0x0000000008008c70       0xfc C:/appz/ST/STM32CubeIDE_1.10.1/STM32CubeIDE/plugins/com.st.stm32cube.ide.mcu.externaltools.gnu-tools-for-stm32.11.3.rel1.win32_1.1.0.202305231506/tools/bin/../lib/gcc/arm-none-eabi/11.3.1/../../../../arm-none-eabi/lib/thumb/v7e-m+fp/hard\libm.a(libm_a-s_scalbn.o)
                0x0000000008008c70                scalbn
 *fill*         0x0000000008008d6c        0x4 
 .text.floor    0x0000000008008d70      0x100 C:/appz/ST/STM32CubeIDE_1.10.1/STM32CubeIDE/plugins/com.st.stm32cube.ide.mcu.externaltools.gnu-tools-for-stm32.11.3.rel1.win32_1.1.0.202305231506/tools/bin/../lib/gcc/arm-none-eabi/11.3.1/../../../../arm-none-eabi/lib/thumb/v7e-m+fp/hard\libm.a(libm_a-s_floor.o)
                0x0000000008008d70                floor
 *(.glue_7)
 .glue_7        0x0000000008008e70        0x0 linker stubs
 *(.glue_7t)
 .glue_7t       0x0000000008008e70        0x0 linker stubs
 *(.eh_frame)
 .eh_frame      0x0000000008008e70        0x0 C:/appz/ST/STM32CubeIDE_1.10.1/STM32CubeIDE/plugins/com.st.stm32cube.ide.mcu.externaltools.gnu-tools-for-stm32.11.3.rel1.win32_1.1.0.202305231506/tools/bin/../lib/gcc/arm-none-eabi/11.3.1/thumb/v7e-m+fp/hard/crtbegin.o
 *(.init)
 .init          0x0000000008008e70        0x4 C:/appz/ST/STM32CubeIDE_1.10.1/STM32CubeIDE/plugins/com.st.stm32cube.ide.mcu.externaltools.gnu-tools-for-stm32.11.3.rel1.win32_1.1.0.202305231506/tools/bin/../lib/gcc/arm-none-eabi/11.3.1/thumb/v7e-m+fp/hard/crti.o
                0x0000000008008e70                _init
 .init          0x0000000008008e74        0x8 C:/appz/ST/STM32CubeIDE_1.10.1/STM32CubeIDE/plugins/com.st.stm32cube.ide.mcu.externaltools.gnu-tools-for-stm32.11.3.rel1.win32_1.1.0.202305231506/tools/bin/../lib/gcc/arm-none-eabi/11.3.1/thumb/v7e-m+fp/hard/crtn.o
 *(.fini)
 .fini          0x0000000008008e7c        0x4 C:/appz/ST/STM32CubeIDE_1.10.1/STM32CubeIDE/plugins/com.st.stm32cube.ide.mcu.externaltools.gnu-tools-for-stm32.11.3.rel1.win32_1.1.0.202305231506/tools/bin/../lib/gcc/arm-none-eabi/11.3.1/thumb/v7e-m+fp/hard/crti.o
                0x0000000008008e7c                _fini
 .fini          0x0000000008008e80        0x8 C:/appz/ST/STM32CubeIDE_1.10.1/STM32CubeIDE/plugins/com.st.stm32cube.ide.mcu.externaltools.gnu-tools-for-stm32.11.3.rel1.win32_1.1.0.202305231506/tools/bin/../lib/gcc/arm-none-eabi/11.3.1/thumb/v7e-m+fp/hard/crtn.o
                0x0000000008008e88                . = ALIGN (0x4)
                0x0000000008008e88                _etext = .

.vfp11_veneer   0x0000000008008e88        0x0
 .vfp11_veneer  0x0000000008008e88        0x0 linker stubs

.v4_bx          0x0000000008008e88        0x0
 .v4_bx         0x0000000008008e88        0x0 linker stubs

.iplt           0x0000000008008e88        0x0
 .iplt          0x0000000008008e88        0x0 C:/appz/ST/STM32CubeIDE_1.10.1/STM32CubeIDE/plugins/com.st.stm32cube.ide.mcu.externaltools.gnu-tools-for-stm32.11.3.rel1.win32_1.1.0.202305231506/tools/bin/../lib/gcc/arm-none-eabi/11.3.1/thumb/v7e-m+fp/hard/crtbegin.o

.rodata         0x0000000008008e88      0x238
                0x0000000008008e88                . = ALIGN (0x4)
 *(.rodata)
 .rodata        0x0000000008008e88       0x46 ./USB_DEVICE/App/usbd_desc.o
 *(.rodata*)
 *fill*         0x0000000008008ece        0x2 
 .rodata.AHBPrescTable
                0x0000000008008ed0       0x10 ./Core/Src/system_stm32f4xx.o
                0x0000000008008ed0                AHBPrescTable
 .rodata.APBPrescTable
                0x0000000008008ee0        0x8 ./Core/Src/system_stm32f4xx.o
                0x0000000008008ee0                APBPrescTable
 .rodata.npio2_hw
                0x0000000008008ee8       0x80 C:/appz/ST/STM32CubeIDE_1.10.1/STM32CubeIDE/plugins/com.st.stm32cube.ide.mcu.externaltools.gnu-tools-for-stm32.11.3.rel1.win32_1.1.0.202305231506/tools/bin/../lib/gcc/arm-none-eabi/11.3.1/../../../../arm-none-eabi/lib/thumb/v7e-m+fp/hard\libm.a(libm_a-e_rem_pio2.o)
 .rodata.two_over_pi
                0x0000000008008f68      0x108 C:/appz/ST/STM32CubeIDE_1.10.1/STM32CubeIDE/plugins/com.st.stm32cube.ide.mcu.externaltools.gnu-tools-for-stm32.11.3.rel1.win32_1.1.0.202305231506/tools/bin/../lib/gcc/arm-none-eabi/11.3.1/../../../../arm-none-eabi/lib/thumb/v7e-m+fp/hard\libm.a(libm_a-e_rem_pio2.o)
 .rodata.PIo2   0x0000000008009070       0x40 C:/appz/ST/STM32CubeIDE_1.10.1/STM32CubeIDE/plugins/com.st.stm32cube.ide.mcu.externaltools.gnu-tools-for-stm32.11.3.rel1.win32_1.1.0.202305231506/tools/bin/../lib/gcc/arm-none-eabi/11.3.1/../../../../arm-none-eabi/lib/thumb/v7e-m+fp/hard\libm.a(libm_a-k_rem_pio2.o)
 .rodata.init_jk
                0x00000000080090b0       0x10 C:/appz/ST/STM32CubeIDE_1.10.1/STM32CubeIDE/plugins/com.st.stm32cube.ide.mcu.externaltools.gnu-tools-for-stm32.11.3.rel1.win32_1.1.0.202305231506/tools/bin/../lib/gcc/arm-none-eabi/11.3.1/../../../../arm-none-eabi/lib/thumb/v7e-m+fp/hard\libm.a(libm_a-k_rem_pio2.o)
                0x00000000080090c0                . = ALIGN (0x4)

.ARM.extab      0x00000000080090c0        0x0
                0x00000000080090c0                . = ALIGN (0x4)
 *(.ARM.extab* .gnu.linkonce.armextab.*)
                0x00000000080090c0                . = ALIGN (0x4)

.ARM            0x00000000080090c0        0x8
                0x00000000080090c0                . = ALIGN (0x4)
                0x00000000080090c0                __exidx_start = .
 *(.ARM.exidx*)
 .ARM.exidx     0x00000000080090c0        0x8 C:/appz/ST/STM32CubeIDE_1.10.1/STM32CubeIDE/plugins/com.st.stm32cube.ide.mcu.externaltools.gnu-tools-for-stm32.11.3.rel1.win32_1.1.0.202305231506/tools/bin/../lib/gcc/arm-none-eabi/11.3.1/thumb/v7e-m+fp/hard\libgcc.a(_udivmoddi4.o)
                0x00000000080090c8                __exidx_end = .
                0x00000000080090c8                . = ALIGN (0x4)

.rel.dyn        0x00000000080090c8        0x0
 .rel.iplt      0x00000000080090c8        0x0 C:/appz/ST/STM32CubeIDE_1.10.1/STM32CubeIDE/plugins/com.st.stm32cube.ide.mcu.externaltools.gnu-tools-for-stm32.11.3.rel1.win32_1.1.0.202305231506/tools/bin/../lib/gcc/arm-none-eabi/11.3.1/thumb/v7e-m+fp/hard/crtbegin.o

.preinit_array  0x00000000080090c8        0x0
                0x00000000080090c8                . = ALIGN (0x4)
                0x00000000080090c8                PROVIDE (__preinit_array_start = .)
 *(.preinit_array*)
                0x00000000080090c8                PROVIDE (__preinit_array_end = .)
                0x00000000080090c8                . = ALIGN (0x4)

.init_array     0x00000000080090c8        0x4
                0x00000000080090c8                . = ALIGN (0x4)
                0x00000000080090c8                PROVIDE (__init_array_start = .)
 *(SORT_BY_NAME(.init_array.*))
 *(.init_array*)
 .init_array    0x00000000080090c8        0x4 C:/appz/ST/STM32CubeIDE_1.10.1/STM32CubeIDE/plugins/com.st.stm32cube.ide.mcu.externaltools.gnu-tools-for-stm32.11.3.rel1.win32_1.1.0.202305231506/tools/bin/../lib/gcc/arm-none-eabi/11.3.1/thumb/v7e-m+fp/hard/crtbegin.o
                0x00000000080090cc                PROVIDE (__init_array_end = .)
                0x00000000080090cc                . = ALIGN (0x4)

.fini_array     0x00000000080090cc        0x4
                0x00000000080090cc                . = ALIGN (0x4)
                [!provide]                        PROVIDE (__fini_array_start = .)
 *(SORT_BY_NAME(.fini_array.*))
 *(.fini_array*)
 .fini_array    0x00000000080090cc        0x4 C:/appz/ST/STM32CubeIDE_1.10.1/STM32CubeIDE/plugins/com.st.stm32cube.ide.mcu.externaltools.gnu-tools-for-stm32.11.3.rel1.win32_1.1.0.202305231506/tools/bin/../lib/gcc/arm-none-eabi/11.3.1/thumb/v7e-m+fp/hard/crtbegin.o
                [!provide]                        PROVIDE (__fini_array_end = .)
                0x00000000080090d0                . = ALIGN (0x4)
                0x00000000080090d0                _sidata = LOADADDR (.data)

.data           0x0000000020000000      0x11c load address 0x00000000080090d0
                0x0000000020000000                . = ALIGN (0x4)
                0x0000000020000000                _sdata = .
 *(.data)
 *(.data*)
 .data.SystemCoreClock
                0x0000000020000000        0x4 ./Core/Src/system_stm32f4xx.o
                0x0000000020000000                SystemCoreClock
 .data.uwTickPrio
                0x0000000020000004        0x4 ./Drivers/STM32F4xx_HAL_Driver/Src/stm32f4xx_hal.o
                0x0000000020000004                uwTickPrio
 .data.uwTickFreq
                0x0000000020000008        0x1 ./Drivers/STM32F4xx_HAL_Driver/Src/stm32f4xx_hal.o
                0x0000000020000008                uwTickFreq
 *fill*         0x0000000020000009        0x3 
 .data.USBD_HID
                0x000000002000000c       0x38 ./Middlewares/ST/STM32_USB_Device_Library/Class/HID/Src/usbd_hid.o
                0x000000002000000c                USBD_HID
 .data.USBD_HID_CfgDesc
                0x0000000020000044       0x22 ./Middlewares/ST/STM32_USB_Device_Library/Class/HID/Src/usbd_hid.o
 *fill*         0x0000000020000066        0x2 
 .data.USBD_HID_Desc
                0x0000000020000068        0x9 ./Middlewares/ST/STM32_USB_Device_Library/Class/HID/Src/usbd_hid.o
 *fill*         0x0000000020000071        0x3 
 .data.USBD_HID_DeviceQualifierDesc
                0x0000000020000074        0xa ./Middlewares/ST/STM32_USB_Device_Library/Class/HID/Src/usbd_hid.o
 *fill*         0x000000002000007e        0x2 
 .data.HID_MOUSE_ReportDesc
                0x0000000020000080       0x4a ./Middlewares/ST/STM32_USB_Device_Library/Class/HID/Src/usbd_hid.o
 .data.HIDInEpAdd
                0x00000000200000ca        0x1 ./Middlewares/ST/STM32_USB_Device_Library/Class/HID/Src/usbd_hid.o
 *fill*         0x00000000200000cb        0x1 
 .data.FS_Desc  0x00000000200000cc       0x1c ./USB_DEVICE/App/usbd_desc.o
                0x00000000200000cc                FS_Desc
 .data.USBD_FS_DeviceDesc
                0x00000000200000e8       0x12 ./USB_DEVICE/App/usbd_desc.o
                0x00000000200000e8                USBD_FS_DeviceDesc
 *fill*         0x00000000200000fa        0x2 
 .data.USBD_LangIDDesc
                0x00000000200000fc        0x4 ./USB_DEVICE/App/usbd_desc.o
                0x00000000200000fc                USBD_LangIDDesc
 .data.USBD_StringSerial
                0x0000000020000100       0x1a ./USB_DEVICE/App/usbd_desc.o
                0x0000000020000100                USBD_StringSerial
 *(.RamFunc)
 *(.RamFunc*)
                0x000000002000011c                . = ALIGN (0x4)
 *fill*         0x000000002000011a        0x2 
                0x000000002000011c                _edata = .
                0x00000000080091ec                _siccmram = LOADADDR (.ccmram)

.igot.plt       0x000000002000011c        0x0 load address 0x00000000080091ec
 .igot.plt      0x000000002000011c        0x0 C:/appz/ST/STM32CubeIDE_1.10.1/STM32CubeIDE/plugins/com.st.stm32cube.ide.mcu.externaltools.gnu-tools-for-stm32.11.3.rel1.win32_1.1.0.202305231506/tools/bin/../lib/gcc/arm-none-eabi/11.3.1/thumb/v7e-m+fp/hard/crtbegin.o

.ccmram         0x0000000010000000        0x0 load address 0x00000000080091ec
                0x0000000010000000                . = ALIGN (0x4)
                0x0000000010000000                _sccmram = .
 *(.ccmram)
 *(.ccmram*)
                0x0000000010000000                . = ALIGN (0x4)
                0x0000000010000000                _eccmram = .
                0x0000000010000000                . = ALIGN (0x4)

.bss            0x000000002000011c      0xa7c
                0x000000002000011c                _sbss = .
                0x000000002000011c                __bss_start__ = _sbss
 *(.bss)
 .bss           0x000000002000011c       0x1c C:/appz/ST/STM32CubeIDE_1.10.1/STM32CubeIDE/plugins/com.st.stm32cube.ide.mcu.externaltools.gnu-tools-for-stm32.11.3.rel1.win32_1.1.0.202305231506/tools/bin/../lib/gcc/arm-none-eabi/11.3.1/thumb/v7e-m+fp/hard/crtbegin.o
 *(.bss*)
 .bss.huart3    0x0000000020000138       0x44 ./Core/Src/main.o
                0x0000000020000138                huart3
 .bss.x.5       0x000000002000017c        0x4 ./Core/Src/main.o
 .bss.y.4       0x0000000020000180        0x4 ./Core/Src/main.o
 .bss.sx.3      0x0000000020000184        0x4 ./Core/Src/main.o
 .bss.dx.2      0x0000000020000188        0x4 ./Core/Src/main.o
 .bss.sy.1      0x000000002000018c        0x4 ./Core/Src/main.o
 .bss.dy.0      0x0000000020000190        0x4 ./Core/Src/main.o
 .bss.uwTick    0x0000000020000194        0x4 ./Drivers/STM32F4xx_HAL_Driver/Src/stm32f4xx_hal.o
                0x0000000020000194                uwTick
 .bss.cfgidx.0  0x0000000020000198        0x1 ./Middlewares/ST/STM32_USB_Device_Library/Core/Src/usbd_ctlreq.o
 *fill*         0x0000000020000199        0x3 
 .bss.hUsbDeviceFS
                0x000000002000019c      0x2dc ./USB_DEVICE/App/usb_device.o
                0x000000002000019c                hUsbDeviceFS
 .bss.USBD_StrDesc
                0x0000000020000478      0x200 ./USB_DEVICE/App/usbd_desc.o
                0x0000000020000478                USBD_StrDesc
 .bss.hpcd_USB_OTG_FS
                0x0000000020000678      0x50c ./USB_DEVICE/Target/usbd_conf.o
                0x0000000020000678                hpcd_USB_OTG_FS
 .bss.mem.0     0x0000000020000b84       0x14 ./USB_DEVICE/Target/usbd_conf.o
 *(COMMON)
                0x0000000020000b98                . = ALIGN (0x4)
                0x0000000020000b98                _ebss = .
                0x0000000020000b98                __bss_end__ = _ebss

._user_heap_stack
                0x0000000020000b98      0x600
                0x0000000020000b98                . = ALIGN (0x8)
                [!provide]                        PROVIDE (end = .)
                0x0000000020000b98                PROVIDE (_end = .)
                0x0000000020000d98                . = (. + _Min_Heap_Size)
 *fill*         0x0000000020000b98      0x200 
                0x0000000020001198                . = (. + _Min_Stack_Size)
 *fill*         0x0000000020000d98      0x400 
                0x0000000020001198                . = ALIGN (0x8)

/DISCARD/
 libc.a(*)
 libm.a(*)
 libgcc.a(*)

.ARM.attributes
                0x0000000000000000       0x30
 *(.ARM.attributes)
 .ARM.attributes
                0x0000000000000000       0x1e C:/appz/ST/STM32CubeIDE_1.10.1/STM32CubeIDE/plugins/com.st.stm32cube.ide.mcu.externaltools.gnu-tools-for-stm32.11.3.rel1.win32_1.1.0.202305231506/tools/bin/../lib/gcc/arm-none-eabi/11.3.1/thumb/v7e-m+fp/hard/crti.o
 .ARM.attributes
                0x000000000000001e       0x34 C:/appz/ST/STM32CubeIDE_1.10.1/STM32CubeIDE/plugins/com.st.stm32cube.ide.mcu.externaltools.gnu-tools-for-stm32.11.3.rel1.win32_1.1.0.202305231506/tools/bin/../lib/gcc/arm-none-eabi/11.3.1/thumb/v7e-m+fp/hard/crtbegin.o
 .ARM.attributes
                0x0000000000000052       0x34 ./Core/Src/main.o
 .ARM.attributes
                0x0000000000000086       0x34 ./Core/Src/stm32f4xx_hal_msp.o
 .ARM.attributes
                0x00000000000000ba       0x34 ./Core/Src/stm32f4xx_it.o
 .ARM.attributes
                0x00000000000000ee       0x34 ./Core/Src/system_stm32f4xx.o
 .ARM.attributes
                0x0000000000000122       0x21 ./Core/Startup/startup_stm32f429zitx.o
 .ARM.attributes
                0x0000000000000143       0x34 ./Drivers/STM32F4xx_HAL_Driver/Src/stm32f4xx_hal.o
 .ARM.attributes
                0x0000000000000177       0x34 ./Drivers/STM32F4xx_HAL_Driver/Src/stm32f4xx_hal_cortex.o
 .ARM.attributes
                0x00000000000001ab       0x34 ./Drivers/STM32F4xx_HAL_Driver/Src/stm32f4xx_hal_gpio.o
 .ARM.attributes
                0x00000000000001df       0x34 ./Drivers/STM32F4xx_HAL_Driver/Src/stm32f4xx_hal_pcd.o
 .ARM.attributes
                0x0000000000000213       0x34 ./Drivers/STM32F4xx_HAL_Driver/Src/stm32f4xx_hal_pcd_ex.o
 .ARM.attributes
                0x0000000000000247       0x34 ./Drivers/STM32F4xx_HAL_Driver/Src/stm32f4xx_hal_rcc.o
 .ARM.attributes
                0x000000000000027b       0x34 ./Drivers/STM32F4xx_HAL_Driver/Src/stm32f4xx_hal_uart.o
 .ARM.attributes
                0x00000000000002af       0x34 ./Drivers/STM32F4xx_HAL_Driver/Src/stm32f4xx_ll_usb.o
 .ARM.attributes
                0x00000000000002e3       0x34 ./Middlewares/ST/STM32_USB_Device_Library/Class/HID/Src/usbd_hid.o
 .ARM.attributes
                0x0000000000000317       0x34 ./Middlewares/ST/STM32_USB_Device_Library/Core/Src/usbd_core.o
 .ARM.attributes
                0x000000000000034b       0x34 ./Middlewares/ST/STM32_USB_Device_Library/Core/Src/usbd_ctlreq.o
 .ARM.attributes
                0x000000000000037f       0x34 ./Middlewares/ST/STM32_USB_Device_Library/Core/Src/usbd_ioreq.o
 .ARM.attributes
                0x00000000000003b3       0x34 ./USB_DEVICE/App/usb_device.o
 .ARM.attributes
                0x00000000000003e7       0x34 ./USB_DEVICE/App/usbd_desc.o
 .ARM.attributes
                0x000000000000041b       0x34 ./USB_DEVICE/Target/usbd_conf.o
 .ARM.attributes
                0x000000000000044f       0x34 C:/appz/ST/STM32CubeIDE_1.10.1/STM32CubeIDE/plugins/com.st.stm32cube.ide.mcu.externaltools.gnu-tools-for-stm32.11.3.rel1.win32_1.1.0.202305231506/tools/bin/../lib/gcc/arm-none-eabi/11.3.1/../../../../arm-none-eabi/lib/thumb/v7e-m+fp/hard\libc_nano.a(libc_a-memset.o)
 .ARM.attributes
                0x0000000000000483       0x34 C:/appz/ST/STM32CubeIDE_1.10.1/STM32CubeIDE/plugins/com.st.stm32cube.ide.mcu.externaltools.gnu-tools-for-stm32.11.3.rel1.win32_1.1.0.202305231506/tools/bin/../lib/gcc/arm-none-eabi/11.3.1/../../../../arm-none-eabi/lib/thumb/v7e-m+fp/hard\libc_nano.a(libc_a-init.o)
 .ARM.attributes
                0x00000000000004b7       0x34 C:/appz/ST/STM32CubeIDE_1.10.1/STM32CubeIDE/plugins/com.st.stm32cube.ide.mcu.externaltools.gnu-tools-for-stm32.11.3.rel1.win32_1.1.0.202305231506/tools/bin/../lib/gcc/arm-none-eabi/11.3.1/../../../../arm-none-eabi/lib/thumb/v7e-m+fp/hard\libm.a(libm_a-s_cos.o)
 .ARM.attributes
                0x00000000000004eb       0x34 C:/appz/ST/STM32CubeIDE_1.10.1/STM32CubeIDE/plugins/com.st.stm32cube.ide.mcu.externaltools.gnu-tools-for-stm32.11.3.rel1.win32_1.1.0.202305231506/tools/bin/../lib/gcc/arm-none-eabi/11.3.1/../../../../arm-none-eabi/lib/thumb/v7e-m+fp/hard\libm.a(libm_a-s_sin.o)
 .ARM.attributes
                0x000000000000051f       0x34 C:/appz/ST/STM32CubeIDE_1.10.1/STM32CubeIDE/plugins/com.st.stm32cube.ide.mcu.externaltools.gnu-tools-for-stm32.11.3.rel1.win32_1.1.0.202305231506/tools/bin/../lib/gcc/arm-none-eabi/11.3.1/../../../../arm-none-eabi/lib/thumb/v7e-m+fp/hard\libm.a(libm_a-k_cos.o)
 .ARM.attributes
                0x0000000000000553       0x34 C:/appz/ST/STM32CubeIDE_1.10.1/STM32CubeIDE/plugins/com.st.stm32cube.ide.mcu.externaltools.gnu-tools-for-stm32.11.3.rel1.win32_1.1.0.202305231506/tools/bin/../lib/gcc/arm-none-eabi/11.3.1/../../../../arm-none-eabi/lib/thumb/v7e-m+fp/hard\libm.a(libm_a-k_sin.o)
 .ARM.attributes
                0x0000000000000587       0x34 C:/appz/ST/STM32CubeIDE_1.10.1/STM32CubeIDE/plugins/com.st.stm32cube.ide.mcu.externaltools.gnu-tools-for-stm32.11.3.rel1.win32_1.1.0.202305231506/tools/bin/../lib/gcc/arm-none-eabi/11.3.1/../../../../arm-none-eabi/lib/thumb/v7e-m+fp/hard\libm.a(libm_a-e_rem_pio2.o)
 .ARM.attributes
                0x00000000000005bb       0x34 C:/appz/ST/STM32CubeIDE_1.10.1/STM32CubeIDE/plugins/com.st.stm32cube.ide.mcu.externaltools.gnu-tools-for-stm32.11.3.rel1.win32_1.1.0.202305231506/tools/bin/../lib/gcc/arm-none-eabi/11.3.1/../../../../arm-none-eabi/lib/thumb/v7e-m+fp/hard\libm.a(libm_a-s_fabs.o)
 .ARM.attributes
                0x00000000000005ef       0x34 C:/appz/ST/STM32CubeIDE_1.10.1/STM32CubeIDE/plugins/com.st.stm32cube.ide.mcu.externaltools.gnu-tools-for-stm32.11.3.rel1.win32_1.1.0.202305231506/tools/bin/../lib/gcc/arm-none-eabi/11.3.1/../../../../arm-none-eabi/lib/thumb/v7e-m+fp/hard\libm.a(libm_a-k_rem_pio2.o)
 .ARM.attributes
                0x0000000000000623       0x34 C:/appz/ST/STM32CubeIDE_1.10.1/STM32CubeIDE/plugins/com.st.stm32cube.ide.mcu.externaltools.gnu-tools-for-stm32.11.3.rel1.win32_1.1.0.202305231506/tools/bin/../lib/gcc/arm-none-eabi/11.3.1/../../../../arm-none-eabi/lib/thumb/v7e-m+fp/hard\libm.a(libm_a-s_scalbn.o)
 .ARM.attributes
                0x0000000000000657       0x34 C:/appz/ST/STM32CubeIDE_1.10.1/STM32CubeIDE/plugins/com.st.stm32cube.ide.mcu.externaltools.gnu-tools-for-stm32.11.3.rel1.win32_1.1.0.202305231506/tools/bin/../lib/gcc/arm-none-eabi/11.3.1/../../../../arm-none-eabi/lib/thumb/v7e-m+fp/hard\libm.a(libm_a-s_floor.o)
 .ARM.attributes
                0x000000000000068b       0x1e C:/appz/ST/STM32CubeIDE_1.10.1/STM32CubeIDE/plugins/com.st.stm32cube.ide.mcu.externaltools.gnu-tools-for-stm32.11.3.rel1.win32_1.1.0.202305231506/tools/bin/../lib/gcc/arm-none-eabi/11.3.1/thumb/v7e-m+fp/hard\libgcc.a(_arm_addsubdf3.o)
 .ARM.attributes
                0x00000000000006a9       0x1e C:/appz/ST/STM32CubeIDE_1.10.1/STM32CubeIDE/plugins/com.st.stm32cube.ide.mcu.externaltools.gnu-tools-for-stm32.11.3.rel1.win32_1.1.0.202305231506/tools/bin/../lib/gcc/arm-none-eabi/11.3.1/thumb/v7e-m+fp/hard\libgcc.a(_arm_muldivdf3.o)
 .ARM.attributes
                0x00000000000006c7       0x1e C:/appz/ST/STM32CubeIDE_1.10.1/STM32CubeIDE/plugins/com.st.stm32cube.ide.mcu.externaltools.gnu-tools-for-stm32.11.3.rel1.win32_1.1.0.202305231506/tools/bin/../lib/gcc/arm-none-eabi/11.3.1/thumb/v7e-m+fp/hard\libgcc.a(_arm_cmpdf2.o)
 .ARM.attributes
                0x00000000000006e5       0x1e C:/appz/ST/STM32CubeIDE_1.10.1/STM32CubeIDE/plugins/com.st.stm32cube.ide.mcu.externaltools.gnu-tools-for-stm32.11.3.rel1.win32_1.1.0.202305231506/tools/bin/../lib/gcc/arm-none-eabi/11.3.1/thumb/v7e-m+fp/hard\libgcc.a(_arm_fixdfsi.o)
 .ARM.attributes
                0x0000000000000703       0x1e C:/appz/ST/STM32CubeIDE_1.10.1/STM32CubeIDE/plugins/com.st.stm32cube.ide.mcu.externaltools.gnu-tools-for-stm32.11.3.rel1.win32_1.1.0.202305231506/tools/bin/../lib/gcc/arm-none-eabi/11.3.1/thumb/v7e-m+fp/hard\libgcc.a(_arm_truncdfsf2.o)
 .ARM.attributes
                0x0000000000000721       0x1e C:/appz/ST/STM32CubeIDE_1.10.1/STM32CubeIDE/plugins/com.st.stm32cube.ide.mcu.externaltools.gnu-tools-for-stm32.11.3.rel1.win32_1.1.0.202305231506/tools/bin/../lib/gcc/arm-none-eabi/11.3.1/thumb/v7e-m+fp/hard\libgcc.a(_aeabi_uldivmod.o)
 .ARM.attributes
                0x000000000000073f       0x34 C:/appz/ST/STM32CubeIDE_1.10.1/STM32CubeIDE/plugins/com.st.stm32cube.ide.mcu.externaltools.gnu-tools-for-stm32.11.3.rel1.win32_1.1.0.202305231506/tools/bin/../lib/gcc/arm-none-eabi/11.3.1/thumb/v7e-m+fp/hard\libgcc.a(_udivmoddi4.o)
 .ARM.attributes
                0x0000000000000773       0x1e C:/appz/ST/STM32CubeIDE_1.10.1/STM32CubeIDE/plugins/com.st.stm32cube.ide.mcu.externaltools.gnu-tools-for-stm32.11.3.rel1.win32_1.1.0.202305231506/tools/bin/../lib/gcc/arm-none-eabi/11.3.1/thumb/v7e-m+fp/hard\libgcc.a(_dvmd_tls.o)
 .ARM.attributes
                0x0000000000000791       0x1e C:/appz/ST/STM32CubeIDE_1.10.1/STM32CubeIDE/plugins/com.st.stm32cube.ide.mcu.externaltools.gnu-tools-for-stm32.11.3.rel1.win32_1.1.0.202305231506/tools/bin/../lib/gcc/arm-none-eabi/11.3.1/thumb/v7e-m+fp/hard/crtn.o
OUTPUT(cvik11.elf elf32-littlearm)
LOAD linker stubs
LOAD C:/appz/ST/STM32CubeIDE_1.10.1/STM32CubeIDE/plugins/com.st.stm32cube.ide.mcu.externaltools.gnu-tools-for-stm32.11.3.rel1.win32_1.1.0.202305231506/tools/bin/../lib/gcc/arm-none-eabi/11.3.1/../../../../arm-none-eabi/lib/thumb/v7e-m+fp/hard\libc.a
LOAD C:/appz/ST/STM32CubeIDE_1.10.1/STM32CubeIDE/plugins/com.st.stm32cube.ide.mcu.externaltools.gnu-tools-for-stm32.11.3.rel1.win32_1.1.0.202305231506/tools/bin/../lib/gcc/arm-none-eabi/11.3.1/../../../../arm-none-eabi/lib/thumb/v7e-m+fp/hard\libm.a
LOAD C:/appz/ST/STM32CubeIDE_1.10.1/STM32CubeIDE/plugins/com.st.stm32cube.ide.mcu.externaltools.gnu-tools-for-stm32.11.3.rel1.win32_1.1.0.202305231506/tools/bin/../lib/gcc/arm-none-eabi/11.3.1/thumb/v7e-m+fp/hard\libgcc.a

.comment        0x0000000000000000       0x43
 .comment       0x0000000000000000       0x43 C:/appz/ST/STM32CubeIDE_1.10.1/STM32CubeIDE/plugins/com.st.stm32cube.ide.mcu.externaltools.gnu-tools-for-stm32.11.3.rel1.win32_1.1.0.202305231506/tools/bin/../lib/gcc/arm-none-eabi/11.3.1/thumb/v7e-m+fp/hard/crtbegin.o
                                         0x44 (size before relaxing)
 .comment       0x0000000000000043       0x44 ./Core/Src/main.o
 .comment       0x0000000000000043       0x44 ./Core/Src/stm32f4xx_hal_msp.o
 .comment       0x0000000000000043       0x44 ./Core/Src/stm32f4xx_it.o
 .comment       0x0000000000000043       0x44 ./Core/Src/system_stm32f4xx.o
 .comment       0x0000000000000043       0x44 ./Drivers/STM32F4xx_HAL_Driver/Src/stm32f4xx_hal.o
 .comment       0x0000000000000043       0x44 ./Drivers/STM32F4xx_HAL_Driver/Src/stm32f4xx_hal_cortex.o
 .comment       0x0000000000000043       0x44 ./Drivers/STM32F4xx_HAL_Driver/Src/stm32f4xx_hal_gpio.o
 .comment       0x0000000000000043       0x44 ./Drivers/STM32F4xx_HAL_Driver/Src/stm32f4xx_hal_pcd.o
 .comment       0x0000000000000043       0x44 ./Drivers/STM32F4xx_HAL_Driver/Src/stm32f4xx_hal_pcd_ex.o
 .comment       0x0000000000000043       0x44 ./Drivers/STM32F4xx_HAL_Driver/Src/stm32f4xx_hal_rcc.o
 .comment       0x0000000000000043       0x44 ./Drivers/STM32F4xx_HAL_Driver/Src/stm32f4xx_hal_uart.o
 .comment       0x0000000000000043       0x44 ./Drivers/STM32F4xx_HAL_Driver/Src/stm32f4xx_ll_usb.o
 .comment       0x0000000000000043       0x44 ./Middlewares/ST/STM32_USB_Device_Library/Class/HID/Src/usbd_hid.o
 .comment       0x0000000000000043       0x44 ./Middlewares/ST/STM32_USB_Device_Library/Core/Src/usbd_core.o
 .comment       0x0000000000000043       0x44 ./Middlewares/ST/STM32_USB_Device_Library/Core/Src/usbd_ctlreq.o
 .comment       0x0000000000000043       0x44 ./Middlewares/ST/STM32_USB_Device_Library/Core/Src/usbd_ioreq.o
 .comment       0x0000000000000043       0x44 ./USB_DEVICE/App/usb_device.o
 .comment       0x0000000000000043       0x44 ./USB_DEVICE/App/usbd_desc.o
 .comment       0x0000000000000043       0x44 ./USB_DEVICE/Target/usbd_conf.o

.debug_info     0x0000000000000000    0x10492
 .debug_info    0x0000000000000000     0x1322 ./Core/Src/main.o
 .debug_info    0x0000000000001322      0x8e3 ./Core/Src/stm32f4xx_hal_msp.o
 .debug_info    0x0000000000001c05      0x60f ./Core/Src/stm32f4xx_it.o
 .debug_info    0x0000000000002214      0x52e ./Core/Src/system_stm32f4xx.o
 .debug_info    0x0000000000002742       0x23 ./Core/Startup/startup_stm32f429zitx.o
 .debug_info    0x0000000000002765      0x9be ./Drivers/STM32F4xx_HAL_Driver/Src/stm32f4xx_hal.o
 .debug_info    0x0000000000003123      0xd7c ./Drivers/STM32F4xx_HAL_Driver/Src/stm32f4xx_hal_cortex.o
 .debug_info    0x0000000000003e9f      0x6db ./Drivers/STM32F4xx_HAL_Driver/Src/stm32f4xx_hal_gpio.o
 .debug_info    0x000000000000457a     0x1541 ./Drivers/STM32F4xx_HAL_Driver/Src/stm32f4xx_hal_pcd.o
 .debug_info    0x0000000000005abb      0x6d2 ./Drivers/STM32F4xx_HAL_Driver/Src/stm32f4xx_hal_pcd_ex.o
 .debug_info    0x000000000000618d      0x8c9 ./Drivers/STM32F4xx_HAL_Driver/Src/stm32f4xx_hal_rcc.o
 .debug_info    0x0000000000006a56     0x2fb8 ./Drivers/STM32F4xx_HAL_Driver/Src/stm32f4xx_hal_uart.o
 .debug_info    0x0000000000009a0e     0x18f6 ./Drivers/STM32F4xx_HAL_Driver/Src/stm32f4xx_ll_usb.o
 .debug_info    0x000000000000b304      0xa84 ./Middlewares/ST/STM32_USB_Device_Library/Class/HID/Src/usbd_hid.o
 .debug_info    0x000000000000bd88      0xe05 ./Middlewares/ST/STM32_USB_Device_Library/Core/Src/usbd_core.o
 .debug_info    0x000000000000cb8d      0xade ./Middlewares/ST/STM32_USB_Device_Library/Core/Src/usbd_ctlreq.o
 .debug_info    0x000000000000d66b      0x755 ./Middlewares/ST/STM32_USB_Device_Library/Core/Src/usbd_ioreq.o
 .debug_info    0x000000000000ddc0      0x5ef ./USB_DEVICE/App/usb_device.o
 .debug_info    0x000000000000e3af      0x458 ./USB_DEVICE/App/usbd_desc.o
 .debug_info    0x000000000000e807     0x1c8b ./USB_DEVICE/Target/usbd_conf.o

.debug_abbrev   0x0000000000000000     0x2bd0
 .debug_abbrev  0x0000000000000000      0x354 ./Core/Src/main.o
 .debug_abbrev  0x0000000000000354      0x1ad ./Core/Src/stm32f4xx_hal_msp.o
 .debug_abbrev  0x0000000000000501      0x1a4 ./Core/Src/stm32f4xx_it.o
 .debug_abbrev  0x00000000000006a5      0x11a ./Core/Src/system_stm32f4xx.o
 .debug_abbrev  0x00000000000007bf       0x12 ./Core/Startup/startup_stm32f429zitx.o
 .debug_abbrev  0x00000000000007d1      0x213 ./Drivers/STM32F4xx_HAL_Driver/Src/stm32f4xx_hal.o
 .debug_abbrev  0x00000000000009e4      0x327 ./Drivers/STM32F4xx_HAL_Driver/Src/stm32f4xx_hal_cortex.o
 .debug_abbrev  0x0000000000000d0b      0x1d4 ./Drivers/STM32F4xx_HAL_Driver/Src/stm32f4xx_hal_gpio.o
 .debug_abbrev  0x0000000000000edf      0x2d0 ./Drivers/STM32F4xx_HAL_Driver/Src/stm32f4xx_hal_pcd.o
 .debug_abbrev  0x00000000000011af      0x1da ./Drivers/STM32F4xx_HAL_Driver/Src/stm32f4xx_hal_pcd_ex.o
 .debug_abbrev  0x0000000000001389      0x2b6 ./Drivers/STM32F4xx_HAL_Driver/Src/stm32f4xx_hal_rcc.o
 .debug_abbrev  0x000000000000163f      0x30e ./Drivers/STM32F4xx_HAL_Driver/Src/stm32f4xx_hal_uart.o
 .debug_abbrev  0x000000000000194d      0x2ac ./Drivers/STM32F4xx_HAL_Driver/Src/stm32f4xx_ll_usb.o
 .debug_abbrev  0x0000000000001bf9      0x2a2 ./Middlewares/ST/STM32_USB_Device_Library/Class/HID/Src/usbd_hid.o
 .debug_abbrev  0x0000000000001e9b      0x27c ./Middlewares/ST/STM32_USB_Device_Library/Core/Src/usbd_core.o
 .debug_abbrev  0x0000000000002117      0x26f ./Middlewares/ST/STM32_USB_Device_Library/Core/Src/usbd_ctlreq.o
 .debug_abbrev  0x0000000000002386      0x19a ./Middlewares/ST/STM32_USB_Device_Library/Core/Src/usbd_ioreq.o
 .debug_abbrev  0x0000000000002520      0x190 ./USB_DEVICE/App/usb_device.o
 .debug_abbrev  0x00000000000026b0      0x1e1 ./USB_DEVICE/App/usbd_desc.o
 .debug_abbrev  0x0000000000002891      0x33f ./USB_DEVICE/Target/usbd_conf.o

.debug_aranges  0x0000000000000000      0xd08
 .debug_aranges
                0x0000000000000000       0x58 ./Core/Src/main.o
 .debug_aranges
                0x0000000000000058       0x30 ./Core/Src/stm32f4xx_hal_msp.o
 .debug_aranges
                0x0000000000000088       0x68 ./Core/Src/stm32f4xx_it.o
 .debug_aranges
                0x00000000000000f0       0x28 ./Core/Src/system_stm32f4xx.o
 .debug_aranges
                0x0000000000000118       0x28 ./Core/Startup/startup_stm32f429zitx.o
 .debug_aranges
                0x0000000000000140      0x100 ./Drivers/STM32F4xx_HAL_Driver/Src/stm32f4xx_hal.o
 .debug_aranges
                0x0000000000000240      0x118 ./Drivers/STM32F4xx_HAL_Driver/Src/stm32f4xx_hal_cortex.o
 .debug_aranges
                0x0000000000000358       0x58 ./Drivers/STM32F4xx_HAL_Driver/Src/stm32f4xx_hal_gpio.o
 .debug_aranges
                0x00000000000003b0      0x148 ./Drivers/STM32F4xx_HAL_Driver/Src/stm32f4xx_hal_pcd.o
 .debug_aranges
                0x00000000000004f8       0x38 ./Drivers/STM32F4xx_HAL_Driver/Src/stm32f4xx_hal_pcd_ex.o
 .debug_aranges
                0x0000000000000530       0x88 ./Drivers/STM32F4xx_HAL_Driver/Src/stm32f4xx_hal_rcc.o
 .debug_aranges
                0x00000000000005b8      0x200 ./Drivers/STM32F4xx_HAL_Driver/Src/stm32f4xx_hal_uart.o
 .debug_aranges
                0x00000000000007b8      0x1a0 ./Drivers/STM32F4xx_HAL_Driver/Src/stm32f4xx_ll_usb.o
 .debug_aranges
                0x0000000000000958       0x68 ./Middlewares/ST/STM32_USB_Device_Library/Class/HID/Src/usbd_hid.o
 .debug_aranges
                0x00000000000009c0       0xd8 ./Middlewares/ST/STM32_USB_Device_Library/Core/Src/usbd_core.o
 .debug_aranges
                0x0000000000000a98       0x90 ./Middlewares/ST/STM32_USB_Device_Library/Core/Src/usbd_ctlreq.o
 .debug_aranges
                0x0000000000000b28       0x50 ./Middlewares/ST/STM32_USB_Device_Library/Core/Src/usbd_ioreq.o
 .debug_aranges
                0x0000000000000b78       0x20 ./USB_DEVICE/App/usb_device.o
 .debug_aranges
                0x0000000000000b98       0x60 ./USB_DEVICE/App/usbd_desc.o
 .debug_aranges
                0x0000000000000bf8      0x110 ./USB_DEVICE/Target/usbd_conf.o

.debug_rnglists
                0x0000000000000000      0x9dd
 .debug_rnglists
                0x0000000000000000       0x41 ./Core/Src/main.o
 .debug_rnglists
                0x0000000000000041       0x20 ./Core/Src/stm32f4xx_hal_msp.o
 .debug_rnglists
                0x0000000000000061       0x49 ./Core/Src/stm32f4xx_it.o
 .debug_rnglists
                0x00000000000000aa       0x1a ./Core/Src/system_stm32f4xx.o
 .debug_rnglists
                0x00000000000000c4       0x19 ./Core/Startup/startup_stm32f429zitx.o
 .debug_rnglists
                0x00000000000000dd       0xbb ./Drivers/STM32F4xx_HAL_Driver/Src/stm32f4xx_hal.o
 .debug_rnglists
                0x0000000000000198       0xce ./Drivers/STM32F4xx_HAL_Driver/Src/stm32f4xx_hal_cortex.o
 .debug_rnglists
                0x0000000000000266       0x3f ./Drivers/STM32F4xx_HAL_Driver/Src/stm32f4xx_hal_gpio.o
 .debug_rnglists
                0x00000000000002a5       0xfc ./Drivers/STM32F4xx_HAL_Driver/Src/stm32f4xx_hal_pcd.o
 .debug_rnglists
                0x00000000000003a1       0x26 ./Drivers/STM32F4xx_HAL_Driver/Src/stm32f4xx_hal_pcd_ex.o
 .debug_rnglists
                0x00000000000003c7       0x66 ./Drivers/STM32F4xx_HAL_Driver/Src/stm32f4xx_hal_rcc.o
 .debug_rnglists
                0x000000000000042d      0x1b7 ./Drivers/STM32F4xx_HAL_Driver/Src/stm32f4xx_hal_uart.o
 .debug_rnglists
                0x00000000000005e4      0x148 ./Drivers/STM32F4xx_HAL_Driver/Src/stm32f4xx_ll_usb.o
 .debug_rnglists
                0x000000000000072c       0x4c ./Middlewares/ST/STM32_USB_Device_Library/Class/HID/Src/usbd_hid.o
 .debug_rnglists
                0x0000000000000778       0xa1 ./Middlewares/ST/STM32_USB_Device_Library/Core/Src/usbd_core.o
 .debug_rnglists
                0x0000000000000819       0x6e ./Middlewares/ST/STM32_USB_Device_Library/Core/Src/usbd_ctlreq.o
 .debug_rnglists
                0x0000000000000887       0x37 ./Middlewares/ST/STM32_USB_Device_Library/Core/Src/usbd_ioreq.o
 .debug_rnglists
                0x00000000000008be       0x13 ./USB_DEVICE/App/usb_device.o
 .debug_rnglists
                0x00000000000008d1       0x43 ./USB_DEVICE/App/usbd_desc.o
 .debug_rnglists
                0x0000000000000914       0xc9 ./USB_DEVICE/Target/usbd_conf.o

.debug_macro    0x0000000000000000    0x252cb
 .debug_macro   0x0000000000000000      0x3a8 ./Core/Src/main.o
 .debug_macro   0x00000000000003a8      0xaa8 ./Core/Src/main.o
 .debug_macro   0x0000000000000e50      0x29b ./Core/Src/main.o
 .debug_macro   0x00000000000010eb       0x2e ./Core/Src/main.o
 .debug_macro   0x0000000000001119       0x28 ./Core/Src/main.o
 .debug_macro   0x0000000000001141       0x22 ./Core/Src/main.o
 .debug_macro   0x0000000000001163       0x8e ./Core/Src/main.o
 .debug_macro   0x00000000000011f1       0x51 ./Core/Src/main.o
 .debug_macro   0x0000000000001242      0x103 ./Core/Src/main.o
 .debug_macro   0x0000000000001345       0x6a ./Core/Src/main.o
 .debug_macro   0x00000000000013af      0x1df ./Core/Src/main.o
 .debug_macro   0x000000000000158e       0x1c ./Core/Src/main.o
 .debug_macro   0x00000000000015aa       0x22 ./Core/Src/main.o
 .debug_macro   0x00000000000015cc       0xd9 ./Core/Src/main.o
 .debug_macro   0x00000000000016a5     0x102d ./Core/Src/main.o
 .debug_macro   0x00000000000026d2      0x11f ./Core/Src/main.o
 .debug_macro   0x00000000000027f1    0x17fc0 ./Core/Src/main.o
 .debug_macro   0x000000000001a7b1       0x6d ./Core/Src/main.o
 .debug_macro   0x000000000001a81e     0x36f5 ./Core/Src/main.o
 .debug_macro   0x000000000001df13      0x174 ./Core/Src/main.o
 .debug_macro   0x000000000001e087       0x5c ./Core/Src/main.o
 .debug_macro   0x000000000001e0e3      0xca5 ./Core/Src/main.o
 .debug_macro   0x000000000001ed88      0x9fe ./Core/Src/main.o
 .debug_macro   0x000000000001f786      0x115 ./Core/Src/main.o
 .debug_macro   0x000000000001f89b      0x156 ./Core/Src/main.o
 .debug_macro   0x000000000001f9f1       0xa5 ./Core/Src/main.o
 .debug_macro   0x000000000001fa96      0x182 ./Core/Src/main.o
 .debug_macro   0x000000000001fc18      0x287 ./Core/Src/main.o
 .debug_macro   0x000000000001fe9f       0x5f ./Core/Src/main.o
 .debug_macro   0x000000000001fefe      0x236 ./Core/Src/main.o
 .debug_macro   0x0000000000020134      0x132 ./Core/Src/main.o
 .debug_macro   0x0000000000020266      0x41d ./Core/Src/main.o
 .debug_macro   0x0000000000020683       0x2e ./Core/Src/main.o
 .debug_macro   0x00000000000206b1      0x11a ./Core/Src/main.o
 .debug_macro   0x00000000000207cb       0xe2 ./Core/Src/main.o
 .debug_macro   0x00000000000208ad       0x89 ./Core/Src/main.o
 .debug_macro   0x0000000000020936      0x295 ./Core/Src/main.o
 .debug_macro   0x0000000000020bcb      0x248 ./Core/Src/main.o
 .debug_macro   0x0000000000020e13       0xba ./Core/Src/main.o
 .debug_macro   0x0000000000020ecd      0x134 ./Core/Src/main.o
 .debug_macro   0x0000000000021001      0x130 ./Core/Src/main.o
 .debug_macro   0x0000000000021131       0x61 ./Core/Src/main.o
 .debug_macro   0x0000000000021192       0x2a ./Core/Src/main.o
 .debug_macro   0x00000000000211bc       0x43 ./Core/Src/main.o
 .debug_macro   0x00000000000211ff       0x34 ./Core/Src/main.o
 .debug_macro   0x0000000000021233       0x16 ./Core/Src/main.o
 .debug_macro   0x0000000000021249       0x35 ./Core/Src/main.o
 .debug_macro   0x000000000002127e      0x369 ./Core/Src/main.o
 .debug_macro   0x00000000000215e7       0x10 ./Core/Src/main.o
 .debug_macro   0x00000000000215f7       0x16 ./Core/Src/main.o
 .debug_macro   0x000000000002160d       0x43 ./Core/Src/main.o
 .debug_macro   0x0000000000021650       0x34 ./Core/Src/main.o
 .debug_macro   0x0000000000021684       0x10 ./Core/Src/main.o
 .debug_macro   0x0000000000021694       0x58 ./Core/Src/main.o
 .debug_macro   0x00000000000216ec       0x8e ./Core/Src/main.o
 .debug_macro   0x000000000002177a       0x1c ./Core/Src/main.o
 .debug_macro   0x0000000000021796      0x177 ./Core/Src/main.o
 .debug_macro   0x000000000002190d       0x16 ./Core/Src/main.o
 .debug_macro   0x0000000000021923       0x16 ./Core/Src/main.o
 .debug_macro   0x0000000000021939      0x147 ./Core/Src/main.o
 .debug_macro   0x0000000000021a80       0x16 ./Core/Src/main.o
 .debug_macro   0x0000000000021a96       0x16 ./Core/Src/main.o
 .debug_macro   0x0000000000021aac       0x29 ./Core/Src/main.o
 .debug_macro   0x0000000000021ad5       0x16 ./Core/Src/main.o
 .debug_macro   0x0000000000021aeb       0x20 ./Core/Src/main.o
 .debug_macro   0x0000000000021b0b       0x6b ./Core/Src/main.o
 .debug_macro   0x0000000000021b76      0x20f ./Core/Src/main.o
 .debug_macro   0x0000000000021d85       0x5f ./Core/Src/main.o
 .debug_macro   0x0000000000021de4       0x22 ./Core/Src/main.o
 .debug_macro   0x0000000000021e06      0x19b ./Core/Src/main.o
 .debug_macro   0x0000000000021fa1      0x1ed ./Core/Src/stm32f4xx_hal_msp.o
 .debug_macro   0x000000000002218e      0x1f7 ./Core/Src/stm32f4xx_it.o
 .debug_macro   0x0000000000022385      0x1de ./Core/Src/system_stm32f4xx.o
 .debug_macro   0x0000000000022563      0x23e ./Drivers/STM32F4xx_HAL_Driver/Src/stm32f4xx_hal.o
 .debug_macro   0x00000000000227a1      0x1de ./Drivers/STM32F4xx_HAL_Driver/Src/stm32f4xx_hal_cortex.o
 .debug_macro   0x000000000002297f      0x1e4 ./Drivers/STM32F4xx_HAL_Driver/Src/stm32f4xx_hal_gpio.o
 .debug_macro   0x0000000000022b63      0x1ea ./Drivers/STM32F4xx_HAL_Driver/Src/stm32f4xx_hal_pcd.o
 .debug_macro   0x0000000000022d4d      0x1de ./Drivers/STM32F4xx_HAL_Driver/Src/stm32f4xx_hal_pcd_ex.o
 .debug_macro   0x0000000000022f2b      0x202 ./Drivers/STM32F4xx_HAL_Driver/Src/stm32f4xx_hal_rcc.o
 .debug_macro   0x000000000002312d      0x1df ./Drivers/STM32F4xx_HAL_Driver/Src/stm32f4xx_hal_uart.o
 .debug_macro   0x000000000002330c      0x1de ./Drivers/STM32F4xx_HAL_Driver/Src/stm32f4xx_ll_usb.o
 .debug_macro   0x00000000000234ea      0x37c ./Middlewares/ST/STM32_USB_Device_Library/Class/HID/Src/usbd_hid.o
 .debug_macro   0x0000000000023866       0x97 ./Middlewares/ST/STM32_USB_Device_Library/Class/HID/Src/usbd_hid.o